{
  "title": "Crashlytics - Custom logs",
  "bundle_identifier": "hu.microsec.eszigno.mobile",
  "platform": "apple",
  "display_version": "3.7.0",
  "build_version": "2753",
  "issue_id": "1782c2128a0148281dace39bf8664159",
  "session_id": "6cb7faa2cba24ae4898df3306ea63a65_DNE_0_v2",
  "event_timestamp": "Tue May 19 2026 08:47:54 GMT+0200 (Central European Summer Time)",
  "logs_and_breadcrumbs": [
    {
      "timestamp": "Tue May 19 2026 08:44:18 GMT+0200 (Central European Summer Time)",
      "name": "screen_view",
      "source": "analytics",
      "params": {
        "firebase_screen_class": "EULAScreen"
      }
    },
    {
      "timestamp": "Tue May 19 2026 08:44:20 GMT+0200 (Central European Summer Time)",
      "name": "screen_view",
      "source": "analytics",
      "params": {
        "firebase_screen_class": "LoginStartScreen"
      }
    },
    {
      "timestamp": "Tue May 19 2026 08:44:23 GMT+0200 (Central European Summer Time)",
      "name": "screen_view",
      "source": "analytics",
      "params": {
        "firebase_screen_class": "LoginQrReaderScreen"
      }
    },
    {
      "timestamp": "Tue May 19 2026 08:44:28 GMT+0200 (Central European Summer Time)",
      "name": "screen_view",
      "source": "analytics",
      "params": {
        "firebase_screen_class": "VideoUserAgreementsScreen"
      }
    },
    {
      "timestamp": "Tue May 19 2026 08:44:29 GMT+0200 (Central European Summer Time)",
      "name": "screen_view",
      "source": "analytics",
      "params": {
        "firebase_screen_class": "VideoAssistanceScreen"
      }
    },
    {
      "timestamp": "Tue May 19 2026 08:44:33 GMT+0200 (Central European Summer Time)",
      "message": "FaceKom started from: videoId",
      "source": "crashlytics"
    },
    {
      "timestamp": "Tue May 19 2026 08:44:33 GMT+0200 (Central European Summer Time)",
      "message": "FaceKom started with assistance: false",
      "source": "crashlytics"
    },
    {
      "timestamp": "Tue May 19 2026 08:44:33 GMT+0200 (Central European Summer Time)",
      "name": "screen_view",
      "source": "analytics",
      "params": {
        "firebase_screen_class": "VideoIntroScreen"
      }
    },
    {
      "timestamp": "Tue May 19 2026 08:44:51 GMT+0200 (Central European Summer Time)",
      "message": "FaceKom ID Verified",
      "source": "crashlytics"
    },
    {
      "timestamp": "Tue May 19 2026 08:44:51 GMT+0200 (Central European Summer Time)",
      "name": "screen_view",
      "source": "analytics",
      "params": {
        "firebase_screen_class": "IdVerificationScreen"
      }
    },
    {
      "timestamp": "Tue May 19 2026 08:44:53 GMT+0200 (Central European Summer Time)",
      "message": "FaceKom SelfService started",
      "source": "crashlytics"
    },
    {
      "timestamp": "Tue May 19 2026 08:44:53 GMT+0200 (Central European Summer Time)",
      "message": "FaceKom getSettings success",
      "source": "crashlytics"
    },
    {
      "timestamp": "Tue May 19 2026 08:44:53 GMT+0200 (Central European Summer Time)",
      "message": "FaceKom status changed: connecting",
      "source": "crashlytics"
    },
    {
      "timestamp": "Tue May 19 2026 08:44:53 GMT+0200 (Central European Summer Time)",
      "message": "FaceKom connectSocket success",
      "source": "crashlytics"
    },
    {
      "timestamp": "Tue May 19 2026 08:44:53 GMT+0200 (Central European Summer Time)",
      "message": "FaceKom status changed: connected",
      "source": "crashlytics"
    },
    {
      "timestamp": "Tue May 19 2026 08:44:53 GMT+0200 (Central European Summer Time)",
      "message": "Facekom flow successfully started, Listening...",
      "source": "crashlytics"
    },
    {
      "timestamp": "Tue May 19 2026 08:44:53 GMT+0200 (Central European Summer Time)",
      "message": "FaceKom auth success",
      "source": "crashlytics"
    },
    {
      "timestamp": "Tue May 19 2026 08:44:54 GMT+0200 (Central European Summer Time)",
      "message": "FaceKom nextStep: custom(type: \"voice-liveness-check\", data: FaceKomSDK.FKSelfService.Step.SData(retry: Optional(false), isRequired: true, additionalData: Optional([\"startVideo\": 1, \"voiceLivenessCheckNumber\": 3027]), availableStreamIDs: nil, maxRetryNumber: nil))",
      "source": "crashlytics"
    },
    {
      "timestamp": "Tue May 19 2026 08:44:54 GMT+0200 (Central European Summer Time)",
      "name": "screen_view",
      "source": "analytics",
      "params": {
        "firebase_screen_class": "SelfServiceViewController"
      }
    },
    {
      "timestamp": "Tue May 19 2026 08:44:59 GMT+0200 (Central European Summer Time)",
      "message": "FaceKom WebRTC started",
      "source": "crashlytics"
    },
    {
      "timestamp": "Tue May 19 2026 08:44:59 GMT+0200 (Central European Summer Time)",
      "name": "screen_view",
      "source": "analytics",
      "params": {
        "firebase_screen_class": "SelfieViewController"
      }
    },
    {
      "timestamp": "Tue May 19 2026 08:45:01 GMT+0200 (Central European Summer Time)",
      "message": "FaceKom handleNewMessageStep: detection:status:face, currentStep: voice-liveness-check",
      "source": "crashlytics"
    },
    {
      "timestamp": "Tue May 19 2026 08:45:01 GMT+0200 (Central European Summer Time)",
      "message": "FaceKom consent voice: nil, face: Optional(eSzigno.MessageStep.faceDetection)",
      "source": "crashlytics"
    },
    {
      "timestamp": "Tue May 19 2026 08:45:01 GMT+0200 (Central European Summer Time)",
      "message": "FaceKom -> StepMessage: task(step: \"voice-liveness-check\", data: FaceKomSDK.FKSelfService.StepMessageDataTask(instruction: \"detection:status:face\", message: Optional(\"success\")))",
      "source": "crashlytics"
    },
    {
      "timestamp": "Tue May 19 2026 08:45:04 GMT+0200 (Central European Summer Time)",
      "message": "FaceKom handleNewMessageStep: detection:status:voice, currentStep: voice-liveness-check",
      "source": "crashlytics"
    },
    {
      "timestamp": "Tue May 19 2026 08:45:04 GMT+0200 (Central European Summer Time)",
      "message": "FaceKom consent voice: Optional(eSzigno.MessageStep.voiceDetection), face: Optional(eSzigno.MessageStep.faceDetection)",
      "source": "crashlytics"
    },
    {
      "timestamp": "Tue May 19 2026 08:45:04 GMT+0200 (Central European Summer Time)",
      "message": "FaceKom -> StepMessage: task(step: \"voice-liveness-check\", data: FaceKomSDK.FKSelfService.StepMessageDataTask(instruction: \"detection:status:voice\", message: Optional(\"success\")))",
      "source": "crashlytics"
    },
    {
      "timestamp": "Tue May 19 2026 08:45:08 GMT+0200 (Central European Summer Time)",
      "message": "FaceKom nextStep: custom(type: \"deepfake-detection\", data: FaceKomSDK.FKSelfService.Step.SData(retry: Optional(false), isRequired: true, additionalData: nil, availableStreamIDs: nil, maxRetryNumber: nil))",
      "source": "crashlytics"
    },
    {
      "timestamp": "Tue May 19 2026 08:45:09 GMT+0200 (Central European Summer Time)",
      "message": "FaceKom handleNewMessageStep: detection:status:face, currentStep: deepfake-detection",
      "source": "crashlytics"
    },
    {
      "timestamp": "Tue May 19 2026 08:45:09 GMT+0200 (Central European Summer Time)",
      "message": "FaceKom consent face: Optional(eSzigno.MessageStep.faceDetection), card: nil",
      "source": "crashlytics"
    },
    {
      "timestamp": "Tue May 19 2026 08:45:09 GMT+0200 (Central European Summer Time)",
      "message": "FaceKom -> StepMessage: task(step: \"deepfake-detection\", data: FaceKomSDK.FKSelfService.StepMessageDataTask(instruction: \"detection:status:face\", message: Optional(\"success\")))",
      "source": "crashlytics"
    },
    {
      "timestamp": "Tue May 19 2026 08:45:22 GMT+0200 (Central European Summer Time)",
      "message": "FaceKom handleNewMessageStep: detection:status:card, currentStep: deepfake-detection",
      "source": "crashlytics"
    },
    {
      "timestamp": "Tue May 19 2026 08:45:22 GMT+0200 (Central European Summer Time)",
      "message": "FaceKom consent face: Optional(eSzigno.MessageStep.faceDetection), card: Optional(eSzigno.MessageStep.cardDetection)",
      "source": "crashlytics"
    },
    {
      "timestamp": "Tue May 19 2026 08:45:22 GMT+0200 (Central European Summer Time)",
      "message": "FaceKom -> StepMessage: task(step: \"deepfake-detection\", data: FaceKomSDK.FKSelfService.StepMessageDataTask(instruction: \"detection:status:card\", message: Optional(\"success\")))",
      "source": "crashlytics"
    },
    {
      "timestamp": "Tue May 19 2026 08:45:22 GMT+0200 (Central European Summer Time)",
      "message": "FaceKom nextStep: customerPortrait(data: FaceKomSDK.FKSelfService.Step.SData(retry: Optional(false), isRequired: true, additionalData: nil, availableStreamIDs: nil, maxRetryNumber: nil))",
      "source": "crashlytics"
    },
    {
      "timestamp": "Tue May 19 2026 08:45:51 GMT+0200 (Central European Summer Time)",
      "message": "FaceKom nextStep: idFront(idType: FaceKomSDK.FKUserData.IDCardType.identityCard, data: FaceKomSDK.FKSelfService.Step.SData(retry: Optional(false), isRequired: true, additionalData: Optional([\"stopVideo\": 1]), availableStreamIDs: nil, maxRetryNumber: nil))",
      "source": "crashlytics"
    },
    {
      "timestamp": "Tue May 19 2026 08:45:51 GMT+0200 (Central European Summer Time)",
      "message": "FaceKom stopStream",
      "source": "crashlytics"
    },
    {
      "timestamp": "Tue May 19 2026 08:45:51 GMT+0200 (Central European Summer Time)",
      "name": "screen_view",
      "source": "analytics",
      "params": {
        "firebase_screen_class": "IdCardViewController"
      }
    },
    {
      "timestamp": "Tue May 19 2026 08:46:21 GMT+0200 (Central European Summer Time)",
      "message": "FaceKom nextStep: idBack(idType: FaceKomSDK.FKUserData.IDCardType.identityCard, data: FaceKomSDK.FKSelfService.Step.SData(retry: Optional(false), isRequired: true, additionalData: nil, availableStreamIDs: nil, maxRetryNumber: nil))",
      "source": "crashlytics"
    },
    {
      "timestamp": "Tue May 19 2026 08:46:34 GMT+0200 (Central European Summer Time)",
      "message": "FaceKom nextStep: hologram(data: FaceKomSDK.FKSelfService.Step.SData(retry: Optional(false), isRequired: true, additionalData: Optional([\"startVideo\": 1]), availableStreamIDs: nil, maxRetryNumber: nil))",
      "source": "crashlytics"
    },
    {
      "timestamp": "Tue May 19 2026 08:46:34 GMT+0200 (Central European Summer Time)",
      "name": "screen_view",
      "source": "analytics",
      "params": {
        "firebase_screen_class": "InfoViewController"
      }
    },
    {
      "timestamp": "Tue May 19 2026 08:46:52 GMT+0200 (Central European Summer Time)",
      "name": "screen_view",
      "source": "analytics",
      "params": {
        "firebase_screen_class": "IdCardViewController"
      }
    },
    {
      "timestamp": "Tue May 19 2026 08:46:52 GMT+0200 (Central European Summer Time)",
      "name": "screen_view",
      "source": "analytics",
      "params": {
        "firebase_screen_class": "SelfServiceViewController"
      }
    },
    {
      "timestamp": "Tue May 19 2026 08:46:52 GMT+0200 (Central European Summer Time)",
      "message": "FaceKom WebRTC started",
      "source": "crashlytics"
    },
    {
      "timestamp": "Tue May 19 2026 08:46:52 GMT+0200 (Central European Summer Time)",
      "name": "screen_view",
      "source": "analytics",
      "params": {
        "firebase_screen_class": "HologramViewController"
      }
    },
    {
      "timestamp": "Tue May 19 2026 08:47:23 GMT+0200 (Central European Summer Time)",
      "message": "FaceKom nextStep: custom(type: \"id-back-video\", data: FaceKomSDK.FKSelfService.Step.SData(retry: Optional(false), isRequired: true, additionalData: nil, availableStreamIDs: nil, maxRetryNumber: nil))",
      "source": "crashlytics"
    },
    {
      "timestamp": "Tue May 19 2026 08:47:36 GMT+0200 (Central European Summer Time)",
      "message": "FaceKom nextStep: twoFactor(data: FaceKomSDK.FKSelfService.Step.SData(retry: Optional(false), isRequired: true, additionalData: Optional([\"stopVideo\": 1]), availableStreamIDs: nil, maxRetryNumber: nil))",
      "source": "crashlytics"
    },
    {
      "timestamp": "Tue May 19 2026 08:47:36 GMT+0200 (Central European Summer Time)",
      "message": "FaceKom stopStream",
      "source": "crashlytics"
    },
    {
      "timestamp": "Tue May 19 2026 08:47:37 GMT+0200 (Central European Summer Time)",
      "name": "screen_view",
      "source": "analytics",
      "params": {
        "firebase_screen_class": "TwoFactorViewController"
      }
    },
    {
      "timestamp": "Tue May 19 2026 08:47:50 GMT+0200 (Central European Summer Time)",
      "message": "FaceKom nextStep: twoFactor(data: FaceKomSDK.FKSelfService.Step.SData(retry: Optional(true), isRequired: true, additionalData: Optional([\"stopVideo\": 1]), availableStreamIDs: nil, maxRetryNumber: nil))",
      "source": "crashlytics"
    },
    {
      "timestamp": "Tue May 19 2026 08:47:50 GMT+0200 (Central European Summer Time)",
      "message": "FaceKom retry Step: Optional(FaceKomSDK.FKSelfService.Step.twoFactor(data: FaceKomSDK.FKSelfService.Step.SData(retry: Optional(false), isRequired: true, additionalData: Optional([\"stopVideo\": 1]), availableStreamIDs: nil, maxRetryNumber: nil)))",
      "source": "crashlytics"
    },
    {
      "timestamp": "Tue May 19 2026 08:47:54 GMT+0200 (Central European Summer Time)",
      "message": "FaceKom session did enter background at step: 2-factor, isVideoStep: false.",
      "source": "crashlytics"
    }
  ]
}