{
  "title": "Crashlytics - Custom logs",
  "bundle_identifier": "hu.microsec.eszigno.mobile",
  "platform": "apple",
  "display_version": "3.7.1",
  "build_version": "2759",
  "issue_id": "66ab9689c1addf4cdac8881ddf52eff2",
  "session_id": "335de2c941fa466e859469a1d274820c_DNE_1_v2",
  "event_timestamp": "Fri May 29 2026 10:21:01 GMT+0200 (Central European Summer Time)",
  "logs_and_breadcrumbs": [
    {
      "timestamp": "Fri May 29 2026 10:14:26 GMT+0200 (Central European Summer Time)",
      "name": "screen_view",
      "source": "analytics",
      "params": {
        "firebase_screen_class": "EULAScreen"
      }
    },
    {
      "timestamp": "Fri May 29 2026 10:14:32 GMT+0200 (Central European Summer Time)",
      "name": "screen_view",
      "source": "analytics",
      "params": {
        "firebase_screen_class": "LoginStartScreen"
      }
    },
    {
      "timestamp": "Fri May 29 2026 10:14:34 GMT+0200 (Central European Summer Time)",
      "name": "screen_view",
      "source": "analytics",
      "params": {
        "firebase_screen_class": "LoginSelectorScreen"
      }
    },
    {
      "timestamp": "Fri May 29 2026 10:14:40 GMT+0200 (Central European Summer Time)",
      "name": "screen_view",
      "source": "analytics",
      "params": {
        "firebase_screen_class": "PortalTwoFAScreen"
      }
    },
    {
      "timestamp": "Fri May 29 2026 10:14:56 GMT+0200 (Central European Summer Time)",
      "name": "screen_view",
      "source": "analytics",
      "params": {
        "firebase_screen_class": "PackageUpgradeScreen"
      }
    },
    {
      "timestamp": "Fri May 29 2026 10:14:59 GMT+0200 (Central European Summer Time)",
      "name": "screen_view",
      "source": "analytics",
      "params": {
        "firebase_screen_class": "LoginSelectorScreen"
      }
    },
    {
      "timestamp": "Fri May 29 2026 10:15:06 GMT+0200 (Central European Summer Time)",
      "name": "screen_view",
      "source": "analytics",
      "params": {
        "firebase_screen_class": "PortalTwoFAScreen"
      }
    },
    {
      "timestamp": "Fri May 29 2026 10:15:21 GMT+0200 (Central European Summer Time)",
      "name": "screen_view",
      "source": "analytics",
      "params": {
        "firebase_screen_class": "PackageUpgradeScreen"
      }
    },
    {
      "timestamp": "Fri May 29 2026 10:15:23 GMT+0200 (Central European Summer Time)",
      "name": "screen_view",
      "source": "analytics",
      "params": {
        "firebase_screen_class": "LoginSelectorScreen"
      }
    },
    {
      "timestamp": "Fri May 29 2026 10:15:40 GMT+0200 (Central European Summer Time)",
      "name": "screen_view",
      "source": "analytics",
      "params": {
        "firebase_screen_class": "PortalTwoFAScreen"
      }
    },
    {
      "timestamp": "Fri May 29 2026 10:16:09 GMT+0200 (Central European Summer Time)",
      "name": "screen_view",
      "source": "analytics",
      "params": {
        "firebase_screen_class": "PackageUpgradeScreen"
      }
    },
    {
      "timestamp": "Fri May 29 2026 10:16:14 GMT+0200 (Central European Summer Time)",
      "name": "screen_view",
      "source": "analytics",
      "params": {
        "firebase_screen_class": "LoginSelectorScreen"
      }
    },
    {
      "timestamp": "Fri May 29 2026 10:16:16 GMT+0200 (Central European Summer Time)",
      "name": "screen_view",
      "source": "analytics",
      "params": {
        "firebase_screen_class": "LoginStartScreen"
      }
    },
    {
      "timestamp": "Fri May 29 2026 10:16:37 GMT+0200 (Central European Summer Time)",
      "name": "screen_view",
      "source": "analytics",
      "params": {
        "firebase_screen_class": "VideoUserAgreementsScreen"
      }
    },
    {
      "timestamp": "Fri May 29 2026 10:16:42 GMT+0200 (Central European Summer Time)",
      "name": "screen_view",
      "source": "analytics",
      "params": {
        "firebase_screen_class": "VideoAssistanceScreen"
      }
    },
    {
      "timestamp": "Fri May 29 2026 10:16:44 GMT+0200 (Central European Summer Time)",
      "message": "FaceKom started from: Logged out videoId",
      "source": "crashlytics"
    },
    {
      "timestamp": "Fri May 29 2026 10:16:44 GMT+0200 (Central European Summer Time)",
      "message": "FaceKom started with assistance: false",
      "source": "crashlytics"
    },
    {
      "timestamp": "Fri May 29 2026 10:16:45 GMT+0200 (Central European Summer Time)",
      "name": "screen_view",
      "source": "analytics",
      "params": {
        "firebase_screen_class": "VideoIntroScreen"
      }
    },
    {
      "timestamp": "Fri May 29 2026 10:16:58 GMT+0200 (Central European Summer Time)",
      "message": "FaceKom ID Verified",
      "source": "crashlytics"
    },
    {
      "timestamp": "Fri May 29 2026 10:16:59 GMT+0200 (Central European Summer Time)",
      "name": "screen_view",
      "source": "analytics",
      "params": {
        "firebase_screen_class": "IdVerificationScreen"
      }
    },
    {
      "timestamp": "Fri May 29 2026 10:17:02 GMT+0200 (Central European Summer Time)",
      "message": "FaceKom SelfService started",
      "source": "crashlytics"
    },
    {
      "timestamp": "Fri May 29 2026 10:17:02 GMT+0200 (Central European Summer Time)",
      "message": "FaceKom getSettings success",
      "source": "crashlytics"
    },
    {
      "timestamp": "Fri May 29 2026 10:17:02 GMT+0200 (Central European Summer Time)",
      "message": "FaceKom status changed: connecting",
      "source": "crashlytics"
    },
    {
      "timestamp": "Fri May 29 2026 10:17:02 GMT+0200 (Central European Summer Time)",
      "message": "FaceKom connectSocket success",
      "source": "crashlytics"
    },
    {
      "timestamp": "Fri May 29 2026 10:17:02 GMT+0200 (Central European Summer Time)",
      "message": "FaceKom status changed: connected",
      "source": "crashlytics"
    },
    {
      "timestamp": "Fri May 29 2026 10:17:02 GMT+0200 (Central European Summer Time)",
      "message": "Facekom flow successfully started, Listening...",
      "source": "crashlytics"
    },
    {
      "timestamp": "Fri May 29 2026 10:17:02 GMT+0200 (Central European Summer Time)",
      "message": "FaceKom auth success",
      "source": "crashlytics"
    },
    {
      "timestamp": "Fri May 29 2026 10:17:02 GMT+0200 (Central European Summer Time)",
      "message": "FaceKom nextStep: custom(type: \"voice-liveness-check\", data: FaceKomSDK.FKSelfService.Step.SData(retry: Optional(false), isRequired: true, additionalData: Optional([\"voiceLivenessCheckNumber\": 6587, \"startVideo\": 1]), availableStreamIDs: nil, maxRetryNumber: nil))",
      "source": "crashlytics"
    },
    {
      "timestamp": "Fri May 29 2026 10:17:02 GMT+0200 (Central European Summer Time)",
      "name": "screen_view",
      "source": "analytics",
      "params": {
        "firebase_screen_class": "SelfServiceViewController"
      }
    },
    {
      "timestamp": "Fri May 29 2026 10:17:15 GMT+0200 (Central European Summer Time)",
      "name": "screen_view",
      "source": "analytics",
      "params": {
        "firebase_screen_class": "SelfieViewController"
      }
    },
    {
      "timestamp": "Fri May 29 2026 10:17:15 GMT+0200 (Central European Summer Time)",
      "message": "FaceKom WebRTC started",
      "source": "crashlytics"
    },
    {
      "timestamp": "Fri May 29 2026 10:17:16 GMT+0200 (Central European Summer Time)",
      "message": "FaceKom -> StepMessage: guide(step: \"voice-liveness-check\", data: FaceKomSDK.FKSelfService.StepMessageDataGuide(type: \"head_position\", instruction: \"face_the_camera\"))",
      "source": "crashlytics"
    },
    {
      "timestamp": "Fri May 29 2026 10:17:18 GMT+0200 (Central European Summer Time)",
      "message": "FaceKom -> StepMessage: guide(step: \"voice-liveness-check\", data: FaceKomSDK.FKSelfService.StepMessageDataGuide(type: \"head_position\", instruction: \"move_head_right\"))",
      "source": "crashlytics"
    },
    {
      "timestamp": "Fri May 29 2026 10:17:19 GMT+0200 (Central European Summer Time)",
      "message": "FaceKom handleNewMessageStep: detection:status:face, currentStep: voice-liveness-check",
      "source": "crashlytics"
    },
    {
      "timestamp": "Fri May 29 2026 10:17:19 GMT+0200 (Central European Summer Time)",
      "message": "FaceKom consent voice: nil, face: Optional(eSzigno.MessageStep.faceDetection)",
      "source": "crashlytics"
    },
    {
      "timestamp": "Fri May 29 2026 10:17:19 GMT+0200 (Central European Summer Time)",
      "message": "FaceKom -> StepMessage: task(step: \"voice-liveness-check\", data: FaceKomSDK.FKSelfService.StepMessageDataTask(instruction: \"detection:status:face\", message: Optional(\"success\")))",
      "source": "crashlytics"
    },
    {
      "timestamp": "Fri May 29 2026 10:17:25 GMT+0200 (Central European Summer Time)",
      "message": "FaceKom handleNewMessageStep: detection:status:voice, currentStep: voice-liveness-check",
      "source": "crashlytics"
    },
    {
      "timestamp": "Fri May 29 2026 10:17:25 GMT+0200 (Central European Summer Time)",
      "message": "FaceKom consent voice: Optional(eSzigno.MessageStep.voiceDetection), face: Optional(eSzigno.MessageStep.faceDetection)",
      "source": "crashlytics"
    },
    {
      "timestamp": "Fri May 29 2026 10:17:25 GMT+0200 (Central European Summer Time)",
      "message": "FaceKom -> StepMessage: task(step: \"voice-liveness-check\", data: FaceKomSDK.FKSelfService.StepMessageDataTask(instruction: \"detection:status:voice\", message: Optional(\"success\")))",
      "source": "crashlytics"
    },
    {
      "timestamp": "Fri May 29 2026 10:17:29 GMT+0200 (Central European Summer Time)",
      "message": "FaceKom nextStep: custom(type: \"deepfake-detection\", data: FaceKomSDK.FKSelfService.Step.SData(retry: Optional(false), isRequired: true, additionalData: nil, availableStreamIDs: nil, maxRetryNumber: nil))",
      "source": "crashlytics"
    },
    {
      "timestamp": "Fri May 29 2026 10:17:30 GMT+0200 (Central European Summer Time)",
      "message": "FaceKom handleNewMessageStep: detection:status:face, currentStep: deepfake-detection",
      "source": "crashlytics"
    },
    {
      "timestamp": "Fri May 29 2026 10:17:30 GMT+0200 (Central European Summer Time)",
      "message": "FaceKom consent face: Optional(eSzigno.MessageStep.faceDetection), card: nil",
      "source": "crashlytics"
    },
    {
      "timestamp": "Fri May 29 2026 10:17:30 GMT+0200 (Central European Summer Time)",
      "message": "FaceKom -> StepMessage: task(step: \"deepfake-detection\", data: FaceKomSDK.FKSelfService.StepMessageDataTask(instruction: \"detection:status:face\", message: Optional(\"success\")))",
      "source": "crashlytics"
    },
    {
      "timestamp": "Fri May 29 2026 10:18:37 GMT+0200 (Central European Summer Time)",
      "message": "FaceKom handleNewMessageStep: detection:status:card, currentStep: deepfake-detection",
      "source": "crashlytics"
    },
    {
      "timestamp": "Fri May 29 2026 10:18:37 GMT+0200 (Central European Summer Time)",
      "message": "FaceKom consent face: Optional(eSzigno.MessageStep.faceDetection), card: Optional(eSzigno.MessageStep.cardDetection)",
      "source": "crashlytics"
    },
    {
      "timestamp": "Fri May 29 2026 10:18:37 GMT+0200 (Central European Summer Time)",
      "message": "FaceKom -> StepMessage: task(step: \"deepfake-detection\", data: FaceKomSDK.FKSelfService.StepMessageDataTask(instruction: \"detection:status:card\", message: Optional(\"success\")))",
      "source": "crashlytics"
    },
    {
      "timestamp": "Fri May 29 2026 10:18:37 GMT+0200 (Central European Summer Time)",
      "message": "FaceKom nextStep: customerPortrait(data: FaceKomSDK.FKSelfService.Step.SData(retry: Optional(false), isRequired: true, additionalData: nil, availableStreamIDs: nil, maxRetryNumber: nil))",
      "source": "crashlytics"
    },
    {
      "timestamp": "Fri May 29 2026 10:18:58 GMT+0200 (Central European Summer Time)",
      "message": "FaceKom nextStep: idFront(idType: FaceKomSDK.FKUserData.IDCardType.identityCard, data: FaceKomSDK.FKSelfService.Step.SData(retry: Optional(false), isRequired: true, additionalData: Optional([\"stopVideo\": 1]), availableStreamIDs: nil, maxRetryNumber: nil))",
      "source": "crashlytics"
    },
    {
      "timestamp": "Fri May 29 2026 10:18:58 GMT+0200 (Central European Summer Time)",
      "message": "FaceKom stopStream",
      "source": "crashlytics"
    },
    {
      "timestamp": "Fri May 29 2026 10:18:58 GMT+0200 (Central European Summer Time)",
      "name": "screen_view",
      "source": "analytics",
      "params": {
        "firebase_screen_class": "IdCardViewController"
      }
    },
    {
      "timestamp": "Fri May 29 2026 10:19:22 GMT+0200 (Central European Summer Time)",
      "message": "FaceKom nextStep: idBack(idType: FaceKomSDK.FKUserData.IDCardType.identityCard, data: FaceKomSDK.FKSelfService.Step.SData(retry: Optional(false), isRequired: true, additionalData: nil, availableStreamIDs: nil, maxRetryNumber: nil))",
      "source": "crashlytics"
    },
    {
      "timestamp": "Fri May 29 2026 10:19:35 GMT+0200 (Central European Summer Time)",
      "message": "FaceKom nextStep: hologram(data: FaceKomSDK.FKSelfService.Step.SData(retry: Optional(false), isRequired: true, additionalData: Optional([\"startVideo\": 1]), availableStreamIDs: nil, maxRetryNumber: nil))",
      "source": "crashlytics"
    },
    {
      "timestamp": "Fri May 29 2026 10:19:36 GMT+0200 (Central European Summer Time)",
      "name": "screen_view",
      "source": "analytics",
      "params": {
        "firebase_screen_class": "InfoViewController"
      }
    },
    {
      "timestamp": "Fri May 29 2026 10:19:54 GMT+0200 (Central European Summer Time)",
      "name": "screen_view",
      "source": "analytics",
      "params": {
        "firebase_screen_class": "IdCardViewController"
      }
    },
    {
      "timestamp": "Fri May 29 2026 10:19:54 GMT+0200 (Central European Summer Time)",
      "name": "screen_view",
      "source": "analytics",
      "params": {
        "firebase_screen_class": "SelfServiceViewController"
      }
    },
    {
      "timestamp": "Fri May 29 2026 10:19:54 GMT+0200 (Central European Summer Time)",
      "name": "screen_view",
      "source": "analytics",
      "params": {
        "firebase_screen_class": "HologramViewController"
      }
    },
    {
      "timestamp": "Fri May 29 2026 10:19:54 GMT+0200 (Central European Summer Time)",
      "message": "FaceKom WebRTC started",
      "source": "crashlytics"
    },
    {
      "timestamp": "Fri May 29 2026 10:20:12 GMT+0200 (Central European Summer Time)",
      "message": "FaceKom nextStep: custom(type: \"id-back-video\", data: FaceKomSDK.FKSelfService.Step.SData(retry: Optional(false), isRequired: true, additionalData: nil, availableStreamIDs: nil, maxRetryNumber: nil))",
      "source": "crashlytics"
    },
    {
      "timestamp": "Fri May 29 2026 10:20:26 GMT+0200 (Central European Summer Time)",
      "message": "FaceKom nextStep: twoFactor(data: FaceKomSDK.FKSelfService.Step.SData(retry: Optional(false), isRequired: true, additionalData: Optional([\"stopVideo\": 1]), availableStreamIDs: nil, maxRetryNumber: nil))",
      "source": "crashlytics"
    },
    {
      "timestamp": "Fri May 29 2026 10:20:26 GMT+0200 (Central European Summer Time)",
      "message": "FaceKom stopStream",
      "source": "crashlytics"
    },
    {
      "timestamp": "Fri May 29 2026 10:20:26 GMT+0200 (Central European Summer Time)",
      "name": "screen_view",
      "source": "analytics",
      "params": {
        "firebase_screen_class": "TwoFactorViewController"
      }
    },
    {
      "timestamp": "Fri May 29 2026 10:20:59 GMT+0200 (Central European Summer Time)",
      "message": "FaceKom nextStep: end(status: \"finished\", additionalData: nil)",
      "source": "crashlytics"
    },
    {
      "timestamp": "Fri May 29 2026 10:20:59 GMT+0200 (Central European Summer Time)",
      "message": "FaceKom status changed: disconnected",
      "source": "crashlytics"
    },
    {
      "timestamp": "Fri May 29 2026 10:20:59 GMT+0200 (Central European Summer Time)",
      "message": "FaceKom status changed: disconnected",
      "source": "crashlytics"
    },
    {
      "timestamp": "Fri May 29 2026 10:20:59 GMT+0200 (Central European Summer Time)",
      "message": "Facekom finished with state: finished",
      "source": "crashlytics"
    },
    {
      "timestamp": "Fri May 29 2026 10:20:59 GMT+0200 (Central European Summer Time)",
      "name": "screen_view",
      "source": "analytics",
      "params": {
        "firebase_screen_class": "FinishViewController"
      }
    },
    {
      "timestamp": "Fri May 29 2026 10:21:01 GMT+0200 (Central European Summer Time)",
      "message": "FaceKom finished with type: approve",
      "source": "crashlytics"
    },
    {
      "timestamp": "Fri May 29 2026 10:21:01 GMT+0200 (Central European Summer Time)",
      "message": "FaceKom user initiated closing, isAlreadyClosed: true, currentStep: end",
      "source": "crashlytics"
    }
  ]
}