{
  "title": "Crashlytics - Custom logs",
  "bundle_identifier": "hu.microsec.eszigno.mobile",
  "platform": "apple",
  "display_version": "3.7.1",
  "build_version": "2759",
  "issue_id": "1782c2128a0148281dace39bf8664159",
  "session_id": "6ed5693b2cdb4edb9348b7b56cd1ed0f_DNE_1_v2",
  "event_timestamp": "Mon Jun 08 2026 14:39:39 GMT+0200 (Central European Summer Time)",
  "logs_and_breadcrumbs": [
    {
      "timestamp": "Mon Jun 08 2026 14:38:50 GMT+0200 (Central European Summer Time)",
      "name": "screen_view",
      "source": "analytics",
      "params": {
        "firebase_screen_class": "EULAScreen"
      }
    },
    {
      "timestamp": "Mon Jun 08 2026 14:38:51 GMT+0200 (Central European Summer Time)",
      "name": "screen_view",
      "source": "analytics",
      "params": {
        "firebase_screen_class": "LoginStartScreen"
      }
    },
    {
      "timestamp": "Mon Jun 08 2026 14:38:54 GMT+0200 (Central European Summer Time)",
      "name": "screen_view",
      "source": "analytics",
      "params": {
        "firebase_screen_class": "LoginQrReaderScreen"
      }
    },
    {
      "timestamp": "Mon Jun 08 2026 14:38:59 GMT+0200 (Central European Summer Time)",
      "name": "screen_view",
      "source": "analytics",
      "params": {
        "firebase_screen_class": "VideoUserAgreementsScreen"
      }
    },
    {
      "timestamp": "Mon Jun 08 2026 14:39:02 GMT+0200 (Central European Summer Time)",
      "name": "screen_view",
      "source": "analytics",
      "params": {
        "firebase_screen_class": "VideoAssistanceScreen"
      }
    },
    {
      "timestamp": "Mon Jun 08 2026 14:39:03 GMT+0200 (Central European Summer Time)",
      "message": "FaceKom started from: videoId",
      "source": "crashlytics"
    },
    {
      "timestamp": "Mon Jun 08 2026 14:39:03 GMT+0200 (Central European Summer Time)",
      "message": "FaceKom started with assistance: false",
      "source": "crashlytics"
    },
    {
      "timestamp": "Mon Jun 08 2026 14:39:04 GMT+0200 (Central European Summer Time)",
      "name": "screen_view",
      "source": "analytics",
      "params": {
        "firebase_screen_class": "VideoIntroScreen"
      }
    },
    {
      "timestamp": "Mon Jun 08 2026 14:39:18 GMT+0200 (Central European Summer Time)",
      "message": "FaceKom ID Verified",
      "source": "crashlytics"
    },
    {
      "timestamp": "Mon Jun 08 2026 14:39:18 GMT+0200 (Central European Summer Time)",
      "name": "screen_view",
      "source": "analytics",
      "params": {
        "firebase_screen_class": "IdVerificationScreen"
      }
    },
    {
      "timestamp": "Mon Jun 08 2026 14:39:19 GMT+0200 (Central European Summer Time)",
      "message": "FaceKom SelfService started",
      "source": "crashlytics"
    },
    {
      "timestamp": "Mon Jun 08 2026 14:39:19 GMT+0200 (Central European Summer Time)",
      "message": "FaceKom getSettings success",
      "source": "crashlytics"
    },
    {
      "timestamp": "Mon Jun 08 2026 14:39:19 GMT+0200 (Central European Summer Time)",
      "message": "FaceKom status changed: connecting",
      "source": "crashlytics"
    },
    {
      "timestamp": "Mon Jun 08 2026 14:39:19 GMT+0200 (Central European Summer Time)",
      "message": "FaceKom status changed: connected",
      "source": "crashlytics"
    },
    {
      "timestamp": "Mon Jun 08 2026 14:39:19 GMT+0200 (Central European Summer Time)",
      "message": "FaceKom connectSocket success",
      "source": "crashlytics"
    },
    {
      "timestamp": "Mon Jun 08 2026 14:39:20 GMT+0200 (Central European Summer Time)",
      "message": "Facekom flow successfully started, Listening...",
      "source": "crashlytics"
    },
    {
      "timestamp": "Mon Jun 08 2026 14:39:20 GMT+0200 (Central European Summer Time)",
      "message": "FaceKom auth success",
      "source": "crashlytics"
    },
    {
      "timestamp": "Mon Jun 08 2026 14:39:20 GMT+0200 (Central European Summer Time)",
      "message": "FaceKom nextStep: custom(type: \"voice-liveness-check\", data: FaceKomSDK.FKSelfService.Step.SData(retry: Optional(false), isRequired: true, additionalData: Optional([\"voiceLivenessCheckNumber\": 5233, \"startVideo\": 1]), availableStreamIDs: nil, maxRetryNumber: nil))",
      "source": "crashlytics"
    },
    {
      "timestamp": "Mon Jun 08 2026 14:39:20 GMT+0200 (Central European Summer Time)",
      "name": "screen_view",
      "source": "analytics",
      "params": {
        "firebase_screen_class": "SelfServiceViewController"
      }
    },
    {
      "timestamp": "Mon Jun 08 2026 14:39:30 GMT+0200 (Central European Summer Time)",
      "message": "FaceKom user initiated closing, isAlreadyClosed: false, currentStep: voiceLivenessCheck",
      "source": "crashlytics"
    },
    {
      "timestamp": "Mon Jun 08 2026 14:39:30 GMT+0200 (Central European Summer Time)",
      "message": "FaceKom nextStep: end(status: \"aborted\", additionalData: nil)",
      "source": "crashlytics"
    },
    {
      "timestamp": "Mon Jun 08 2026 14:39:30 GMT+0200 (Central European Summer Time)",
      "message": "FaceKom status changed: disconnected",
      "source": "crashlytics"
    },
    {
      "timestamp": "Mon Jun 08 2026 14:39:30 GMT+0200 (Central European Summer Time)",
      "message": "FaceKom status changed: disconnected",
      "source": "crashlytics"
    },
    {
      "timestamp": "Mon Jun 08 2026 14:39:30 GMT+0200 (Central European Summer Time)",
      "message": "FaceKom aborted state: nil",
      "source": "crashlytics"
    },
    {
      "timestamp": "Mon Jun 08 2026 14:39:30 GMT+0200 (Central European Summer Time)",
      "message": "Facekom finished with state: aborted(message: Optional(\"Ismeretlen hiba történt!\"))",
      "source": "crashlytics"
    },
    {
      "timestamp": "Mon Jun 08 2026 14:39:30 GMT+0200 (Central European Summer Time)",
      "name": "screen_view",
      "source": "analytics",
      "params": {
        "firebase_screen_class": "FinishViewController"
      }
    },
    {
      "timestamp": "Mon Jun 08 2026 14:39:39 GMT+0200 (Central European Summer Time)",
      "message": "FaceKom session did enter background at step: end, isVideoStep: false.",
      "source": "crashlytics"
    },
    {
      "timestamp": "Mon Jun 08 2026 14:39:39 GMT+0200 (Central European Summer Time)",
      "message": "FaceKom user initiated closing, isAlreadyClosed: false, currentStep: end",
      "source": "crashlytics"
    },
    {
      "timestamp": "Mon Jun 08 2026 14:39:39 GMT+0200 (Central European Summer Time)",
      "message": "FaceKom session disconnected: close while not in video step",
      "source": "crashlytics"
    },
    {
      "timestamp": "Mon Jun 08 2026 14:39:39 GMT+0200 (Central European Summer Time)",
      "message": "FaceKom user initiated closing, isAlreadyClosed: true, currentStep: end",
      "source": "crashlytics"
    }
  ]
}