{
  "title": "Crashlytics - Custom logs",
  "bundle_identifier": "hu.microsec.eszigno.mobile",
  "platform": "apple",
  "display_version": "3.7.1",
  "build_version": "2759",
  "issue_id": "cc976fb6b163a26ebbddf22103e89d3c",
  "session_id": "615b71779bb045eda9969fc206cbd936_DNE_5_v2",
  "event_timestamp": "Thu Jun 11 2026 11:24:57 GMT+0200 (Central European Summer Time)",
  "logs_and_breadcrumbs": [
    {
      "timestamp": "Thu Jun 11 2026 11:23:20 GMT+0200 (Central European Summer Time)",
      "name": "screen_view",
      "source": "analytics",
      "params": {
        "firebase_screen_class": "EULAScreen"
      }
    },
    {
      "timestamp": "Thu Jun 11 2026 11:23:23 GMT+0200 (Central European Summer Time)",
      "name": "screen_view",
      "source": "analytics",
      "params": {
        "firebase_screen_class": "VideoUserAgreementsScreen"
      }
    },
    {
      "timestamp": "Thu Jun 11 2026 11:23:24 GMT+0200 (Central European Summer Time)",
      "name": "screen_view",
      "source": "analytics",
      "params": {
        "firebase_screen_class": "VideoAssistanceScreen"
      }
    },
    {
      "timestamp": "Thu Jun 11 2026 11:23:26 GMT+0200 (Central European Summer Time)",
      "name": "screen_view",
      "source": "analytics",
      "params": {
        "firebase_screen_class": "AssistanceAwareScreen"
      }
    },
    {
      "timestamp": "Thu Jun 11 2026 11:23:27 GMT+0200 (Central European Summer Time)",
      "message": "FaceKom started from: Logged out videoId",
      "source": "crashlytics"
    },
    {
      "timestamp": "Thu Jun 11 2026 11:23:27 GMT+0200 (Central European Summer Time)",
      "message": "FaceKom started with assistance: true",
      "source": "crashlytics"
    },
    {
      "timestamp": "Thu Jun 11 2026 11:23:27 GMT+0200 (Central European Summer Time)",
      "name": "screen_view",
      "source": "analytics",
      "params": {
        "firebase_screen_class": "VideoIntroScreen"
      }
    },
    {
      "timestamp": "Thu Jun 11 2026 11:23:39 GMT+0200 (Central European Summer Time)",
      "message": "FaceKom ID Verified",
      "source": "crashlytics"
    },
    {
      "timestamp": "Thu Jun 11 2026 11:23:40 GMT+0200 (Central European Summer Time)",
      "name": "screen_view",
      "source": "analytics",
      "params": {
        "firebase_screen_class": "IdVerificationScreen"
      }
    },
    {
      "timestamp": "Thu Jun 11 2026 11:23:41 GMT+0200 (Central European Summer Time)",
      "message": "FaceKom SelfService started",
      "source": "crashlytics"
    },
    {
      "timestamp": "Thu Jun 11 2026 11:23:41 GMT+0200 (Central European Summer Time)",
      "message": "FaceKom getSettings success",
      "source": "crashlytics"
    },
    {
      "timestamp": "Thu Jun 11 2026 11:23:41 GMT+0200 (Central European Summer Time)",
      "message": "FaceKom status changed: connecting",
      "source": "crashlytics"
    },
    {
      "timestamp": "Thu Jun 11 2026 11:23:41 GMT+0200 (Central European Summer Time)",
      "name": "screen_view",
      "source": "analytics",
      "params": {
        "firebase_screen_class": "SelfServiceViewController"
      }
    },
    {
      "timestamp": "Thu Jun 11 2026 11:23:41 GMT+0200 (Central European Summer Time)",
      "message": "FaceKom connectSocket success",
      "source": "crashlytics"
    },
    {
      "timestamp": "Thu Jun 11 2026 11:23:41 GMT+0200 (Central European Summer Time)",
      "message": "FaceKom status changed: connected",
      "source": "crashlytics"
    },
    {
      "timestamp": "Thu Jun 11 2026 11:23:41 GMT+0200 (Central European Summer Time)",
      "message": "Facekom auth error: invalidToken",
      "source": "crashlytics"
    },
    {
      "timestamp": "Thu Jun 11 2026 11:23:42 GMT+0200 (Central European Summer Time)",
      "name": "screen_view",
      "source": "analytics",
      "params": {
        "firebase_screen_class": "UIAlertController"
      }
    },
    {
      "timestamp": "Thu Jun 11 2026 11:23:43 GMT+0200 (Central European Summer Time)",
      "message": "FaceKom error: invalidToken happened, stop and show abort",
      "source": "crashlytics"
    },
    {
      "timestamp": "Thu Jun 11 2026 11:23:43 GMT+0200 (Central European Summer Time)",
      "name": "screen_view",
      "source": "analytics",
      "params": {
        "firebase_screen_class": "SelfServiceViewController"
      }
    },
    {
      "timestamp": "Thu Jun 11 2026 11:23:43 GMT+0200 (Central European Summer Time)",
      "message": "FaceKom failed to stop with error: notAuthorized from SelfService error, currentStep: voiceLivenessCheck. Aborted.",
      "source": "crashlytics"
    },
    {
      "timestamp": "Thu Jun 11 2026 11:23:43 GMT+0200 (Central European Summer Time)",
      "message": "Facekom endete mit dem Status: aborted(message: nil)",
      "source": "crashlytics"
    },
    {
      "timestamp": "Thu Jun 11 2026 11:23:43 GMT+0200 (Central European Summer Time)",
      "name": "screen_view",
      "source": "analytics",
      "params": {
        "firebase_screen_class": "FinishViewController"
      }
    },
    {
      "timestamp": "Thu Jun 11 2026 11:23:45 GMT+0200 (Central European Summer Time)",
      "message": "FaceKom user initiated closing, isAlreadyClosed: false, currentStep: voiceLivenessCheck",
      "source": "crashlytics"
    },
    {
      "timestamp": "Thu Jun 11 2026 11:23:45 GMT+0200 (Central European Summer Time)",
      "message": "Facekom SelfService stopped and cleared with error: Der Vorgang konnte nicht abgeschlossen werden. (FaceKomSDK.FaceKomError-Fehler 43.)",
      "source": "crashlytics"
    },
    {
      "timestamp": "Thu Jun 11 2026 11:23:45 GMT+0200 (Central European Summer Time)",
      "message": "FaceKom user initiated closing, isAlreadyClosed: true, currentStep: voiceLivenessCheck",
      "source": "crashlytics"
    },
    {
      "timestamp": "Thu Jun 11 2026 11:23:46 GMT+0200 (Central European Summer Time)",
      "name": "screen_view",
      "source": "analytics",
      "params": {
        "firebase_screen_class": "LoginStartScreen"
      }
    },
    {
      "timestamp": "Thu Jun 11 2026 11:23:47 GMT+0200 (Central European Summer Time)",
      "name": "screen_view",
      "source": "analytics",
      "params": {
        "firebase_screen_class": "LoginQrReaderScreen"
      }
    },
    {
      "timestamp": "Thu Jun 11 2026 11:23:51 GMT+0200 (Central European Summer Time)",
      "name": "screen_view",
      "source": "analytics",
      "params": {
        "firebase_screen_class": "VideoUserAgreementsScreen"
      }
    },
    {
      "timestamp": "Thu Jun 11 2026 11:23:56 GMT+0200 (Central European Summer Time)",
      "name": "screen_view",
      "source": "analytics",
      "params": {
        "firebase_screen_class": "VideoAssistanceScreen"
      }
    },
    {
      "timestamp": "Thu Jun 11 2026 11:23:58 GMT+0200 (Central European Summer Time)",
      "name": "screen_view",
      "source": "analytics",
      "params": {
        "firebase_screen_class": "AssistanceAwareScreen"
      }
    },
    {
      "timestamp": "Thu Jun 11 2026 11:23:58 GMT+0200 (Central European Summer Time)",
      "message": "FaceKom started from: videoId",
      "source": "crashlytics"
    },
    {
      "timestamp": "Thu Jun 11 2026 11:23:58 GMT+0200 (Central European Summer Time)",
      "message": "FaceKom started with assistance: true",
      "source": "crashlytics"
    },
    {
      "timestamp": "Thu Jun 11 2026 11:23:59 GMT+0200 (Central European Summer Time)",
      "name": "screen_view",
      "source": "analytics",
      "params": {
        "firebase_screen_class": "VideoIntroScreen"
      }
    },
    {
      "timestamp": "Thu Jun 11 2026 11:24:17 GMT+0200 (Central European Summer Time)",
      "message": "FaceKom ID Verified",
      "source": "crashlytics"
    },
    {
      "timestamp": "Thu Jun 11 2026 11:24:18 GMT+0200 (Central European Summer Time)",
      "name": "screen_view",
      "source": "analytics",
      "params": {
        "firebase_screen_class": "IdVerificationScreen"
      }
    },
    {
      "timestamp": "Thu Jun 11 2026 11:24:19 GMT+0200 (Central European Summer Time)",
      "message": "FaceKom SelfService started",
      "source": "crashlytics"
    },
    {
      "timestamp": "Thu Jun 11 2026 11:24:19 GMT+0200 (Central European Summer Time)",
      "message": "FaceKom getSettings success",
      "source": "crashlytics"
    },
    {
      "timestamp": "Thu Jun 11 2026 11:24:19 GMT+0200 (Central European Summer Time)",
      "message": "FaceKom status changed: connecting",
      "source": "crashlytics"
    },
    {
      "timestamp": "Thu Jun 11 2026 11:24:19 GMT+0200 (Central European Summer Time)",
      "message": "FaceKom connectSocket success",
      "source": "crashlytics"
    },
    {
      "timestamp": "Thu Jun 11 2026 11:24:19 GMT+0200 (Central European Summer Time)",
      "message": "FaceKom status changed: connected",
      "source": "crashlytics"
    },
    {
      "timestamp": "Thu Jun 11 2026 11:24:19 GMT+0200 (Central European Summer Time)",
      "message": "Facekom auth error: invalidToken",
      "source": "crashlytics"
    },
    {
      "timestamp": "Thu Jun 11 2026 11:24:19 GMT+0200 (Central European Summer Time)",
      "name": "screen_view",
      "source": "analytics",
      "params": {
        "firebase_screen_class": "SelfServiceViewController"
      }
    },
    {
      "timestamp": "Thu Jun 11 2026 11:24:20 GMT+0200 (Central European Summer Time)",
      "name": "screen_view",
      "source": "analytics",
      "params": {
        "firebase_screen_class": "UIAlertController"
      }
    },
    {
      "timestamp": "Thu Jun 11 2026 11:24:21 GMT+0200 (Central European Summer Time)",
      "message": "FaceKom error: invalidToken happened, stop and show abort",
      "source": "crashlytics"
    },
    {
      "timestamp": "Thu Jun 11 2026 11:24:21 GMT+0200 (Central European Summer Time)",
      "name": "screen_view",
      "source": "analytics",
      "params": {
        "firebase_screen_class": "SelfServiceViewController"
      }
    },
    {
      "timestamp": "Thu Jun 11 2026 11:24:21 GMT+0200 (Central European Summer Time)",
      "message": "FaceKom failed to stop with error: notAuthorized from SelfService error, currentStep: voiceLivenessCheck. Aborted.",
      "source": "crashlytics"
    },
    {
      "timestamp": "Thu Jun 11 2026 11:24:21 GMT+0200 (Central European Summer Time)",
      "message": "Facekom endete mit dem Status: aborted(message: nil)",
      "source": "crashlytics"
    },
    {
      "timestamp": "Thu Jun 11 2026 11:24:21 GMT+0200 (Central European Summer Time)",
      "name": "screen_view",
      "source": "analytics",
      "params": {
        "firebase_screen_class": "FinishViewController"
      }
    },
    {
      "timestamp": "Thu Jun 11 2026 11:24:26 GMT+0200 (Central European Summer Time)",
      "message": "FaceKom user initiated closing, isAlreadyClosed: false, currentStep: voiceLivenessCheck",
      "source": "crashlytics"
    },
    {
      "timestamp": "Thu Jun 11 2026 11:24:27 GMT+0200 (Central European Summer Time)",
      "message": "Facekom SelfService stopped and cleared with error: Der Vorgang konnte nicht abgeschlossen werden. (FaceKomSDK.FaceKomError-Fehler 43.)",
      "source": "crashlytics"
    },
    {
      "timestamp": "Thu Jun 11 2026 11:24:27 GMT+0200 (Central European Summer Time)",
      "message": "FaceKom user initiated closing, isAlreadyClosed: true, currentStep: voiceLivenessCheck",
      "source": "crashlytics"
    },
    {
      "timestamp": "Thu Jun 11 2026 11:24:27 GMT+0200 (Central European Summer Time)",
      "name": "screen_view",
      "source": "analytics",
      "params": {
        "firebase_screen_class": "LoginQrReaderScreen"
      }
    },
    {
      "timestamp": "Thu Jun 11 2026 11:24:28 GMT+0200 (Central European Summer Time)",
      "name": "screen_view",
      "source": "analytics",
      "params": {
        "firebase_screen_class": "LoginStartScreen"
      }
    },
    {
      "timestamp": "Thu Jun 11 2026 11:24:30 GMT+0200 (Central European Summer Time)",
      "name": "screen_view",
      "source": "analytics",
      "params": {
        "firebase_screen_class": "LoginQrReaderScreen"
      }
    },
    {
      "timestamp": "Thu Jun 11 2026 11:24:32 GMT+0200 (Central European Summer Time)",
      "name": "screen_view",
      "source": "analytics",
      "params": {
        "firebase_screen_class": "VideoUserAgreementsScreen"
      }
    },
    {
      "timestamp": "Thu Jun 11 2026 11:24:33 GMT+0200 (Central European Summer Time)",
      "name": "screen_view",
      "source": "analytics",
      "params": {
        "firebase_screen_class": "VideoAssistanceScreen"
      }
    },
    {
      "timestamp": "Thu Jun 11 2026 11:24:34 GMT+0200 (Central European Summer Time)",
      "name": "screen_view",
      "source": "analytics",
      "params": {
        "firebase_screen_class": "AssistanceAwareScreen"
      }
    },
    {
      "timestamp": "Thu Jun 11 2026 11:24:34 GMT+0200 (Central European Summer Time)",
      "message": "FaceKom started from: videoId",
      "source": "crashlytics"
    },
    {
      "timestamp": "Thu Jun 11 2026 11:24:34 GMT+0200 (Central European Summer Time)",
      "message": "FaceKom started with assistance: true",
      "source": "crashlytics"
    },
    {
      "timestamp": "Thu Jun 11 2026 11:24:35 GMT+0200 (Central European Summer Time)",
      "name": "screen_view",
      "source": "analytics",
      "params": {
        "firebase_screen_class": "VideoIntroScreen"
      }
    },
    {
      "timestamp": "Thu Jun 11 2026 11:24:51 GMT+0200 (Central European Summer Time)",
      "message": "FaceKom ID Verified",
      "source": "crashlytics"
    },
    {
      "timestamp": "Thu Jun 11 2026 11:24:51 GMT+0200 (Central European Summer Time)",
      "name": "screen_view",
      "source": "analytics",
      "params": {
        "firebase_screen_class": "IdVerificationScreen"
      }
    },
    {
      "timestamp": "Thu Jun 11 2026 11:24:52 GMT+0200 (Central European Summer Time)",
      "message": "FaceKom SelfService started",
      "source": "crashlytics"
    },
    {
      "timestamp": "Thu Jun 11 2026 11:24:52 GMT+0200 (Central European Summer Time)",
      "message": "FaceKom getSettings success",
      "source": "crashlytics"
    },
    {
      "timestamp": "Thu Jun 11 2026 11:24:52 GMT+0200 (Central European Summer Time)",
      "message": "FaceKom status changed: connecting",
      "source": "crashlytics"
    },
    {
      "timestamp": "Thu Jun 11 2026 11:24:52 GMT+0200 (Central European Summer Time)",
      "message": "FaceKom connectSocket success",
      "source": "crashlytics"
    },
    {
      "timestamp": "Thu Jun 11 2026 11:24:52 GMT+0200 (Central European Summer Time)",
      "message": "FaceKom status changed: connected",
      "source": "crashlytics"
    },
    {
      "timestamp": "Thu Jun 11 2026 11:24:52 GMT+0200 (Central European Summer Time)",
      "name": "screen_view",
      "source": "analytics",
      "params": {
        "firebase_screen_class": "SelfServiceViewController"
      }
    },
    {
      "timestamp": "Thu Jun 11 2026 11:24:52 GMT+0200 (Central European Summer Time)",
      "message": "Facekom auth error: invalidToken",
      "source": "crashlytics"
    },
    {
      "timestamp": "Thu Jun 11 2026 11:24:53 GMT+0200 (Central European Summer Time)",
      "name": "screen_view",
      "source": "analytics",
      "params": {
        "firebase_screen_class": "UIAlertController"
      }
    },
    {
      "timestamp": "Thu Jun 11 2026 11:24:55 GMT+0200 (Central European Summer Time)",
      "message": "FaceKom error: invalidToken happened, stop and show abort",
      "source": "crashlytics"
    },
    {
      "timestamp": "Thu Jun 11 2026 11:24:55 GMT+0200 (Central European Summer Time)",
      "name": "screen_view",
      "source": "analytics",
      "params": {
        "firebase_screen_class": "SelfServiceViewController"
      }
    },
    {
      "timestamp": "Thu Jun 11 2026 11:24:55 GMT+0200 (Central European Summer Time)",
      "message": "FaceKom failed to stop with error: notAuthorized from SelfService error, currentStep: voiceLivenessCheck. Aborted.",
      "source": "crashlytics"
    },
    {
      "timestamp": "Thu Jun 11 2026 11:24:55 GMT+0200 (Central European Summer Time)",
      "message": "Facekom endete mit dem Status: aborted(message: nil)",
      "source": "crashlytics"
    },
    {
      "timestamp": "Thu Jun 11 2026 11:24:55 GMT+0200 (Central European Summer Time)",
      "name": "screen_view",
      "source": "analytics",
      "params": {
        "firebase_screen_class": "FinishViewController"
      }
    },
    {
      "timestamp": "Thu Jun 11 2026 11:24:57 GMT+0200 (Central European Summer Time)",
      "message": "FaceKom user initiated closing, isAlreadyClosed: false, currentStep: voiceLivenessCheck",
      "source": "crashlytics"
    },
    {
      "timestamp": "Thu Jun 11 2026 11:24:57 GMT+0200 (Central European Summer Time)",
      "message": "Facekom SelfService stopped and cleared with error: Der Vorgang konnte nicht abgeschlossen werden. (FaceKomSDK.FaceKomError-Fehler 43.)",
      "source": "crashlytics"
    },
    {
      "timestamp": "Thu Jun 11 2026 11:24:57 GMT+0200 (Central European Summer Time)",
      "message": "FaceKom user initiated closing, isAlreadyClosed: true, currentStep: voiceLivenessCheck",
      "source": "crashlytics"
    }
  ]
}