{
  "title": "Crashlytics - Custom logs",
  "bundle_identifier": "hu.microsec.eszigno.mobile",
  "platform": "apple",
  "display_version": "3.7.1",
  "build_version": "2759",
  "issue_id": "1782c2128a0148281dace39bf8664159",
  "session_id": "8f1bdfc868674f5b954a4fa78f3166e9_DNE_1_v2",
  "event_timestamp": "Wed Jun 17 2026 14:15:35 GMT+0200 (Central European Summer Time)",
  "logs_and_breadcrumbs": [
    {
      "timestamp": "Wed Jun 17 2026 14:14:04 GMT+0200 (Central European Summer Time)",
      "name": "screen_view",
      "source": "analytics",
      "params": {
        "firebase_screen_class": "EULAScreen"
      }
    },
    {
      "timestamp": "Wed Jun 17 2026 14:14:09 GMT+0200 (Central European Summer Time)",
      "name": "screen_view",
      "source": "analytics",
      "params": {
        "firebase_screen_class": "VideoUserAgreementsScreen"
      }
    },
    {
      "timestamp": "Wed Jun 17 2026 14:14:13 GMT+0200 (Central European Summer Time)",
      "name": "screen_view",
      "source": "analytics",
      "params": {
        "firebase_screen_class": "VideoAssistanceScreen"
      }
    },
    {
      "timestamp": "Wed Jun 17 2026 14:14:18 GMT+0200 (Central European Summer Time)",
      "message": "FaceKom started from: Logged out videoId",
      "source": "crashlytics"
    },
    {
      "timestamp": "Wed Jun 17 2026 14:14:18 GMT+0200 (Central European Summer Time)",
      "message": "FaceKom started with assistance: false",
      "source": "crashlytics"
    },
    {
      "timestamp": "Wed Jun 17 2026 14:14:19 GMT+0200 (Central European Summer Time)",
      "name": "screen_view",
      "source": "analytics",
      "params": {
        "firebase_screen_class": "VideoIntroScreen"
      }
    },
    {
      "timestamp": "Wed Jun 17 2026 14:14:50 GMT+0200 (Central European Summer Time)",
      "message": "FaceKom ID Verified",
      "source": "crashlytics"
    },
    {
      "timestamp": "Wed Jun 17 2026 14:14:51 GMT+0200 (Central European Summer Time)",
      "name": "screen_view",
      "source": "analytics",
      "params": {
        "firebase_screen_class": "IdVerificationScreen"
      }
    },
    {
      "timestamp": "Wed Jun 17 2026 14:15:00 GMT+0200 (Central European Summer Time)",
      "message": "FaceKom SelfService started",
      "source": "crashlytics"
    },
    {
      "timestamp": "Wed Jun 17 2026 14:15:01 GMT+0200 (Central European Summer Time)",
      "message": "FaceKom getSettings success",
      "source": "crashlytics"
    },
    {
      "timestamp": "Wed Jun 17 2026 14:15:01 GMT+0200 (Central European Summer Time)",
      "message": "FaceKom status changed: connecting",
      "source": "crashlytics"
    },
    {
      "timestamp": "Wed Jun 17 2026 14:15:01 GMT+0200 (Central European Summer Time)",
      "message": "FaceKom connectSocket success",
      "source": "crashlytics"
    },
    {
      "timestamp": "Wed Jun 17 2026 14:15:01 GMT+0200 (Central European Summer Time)",
      "message": "FaceKom status changed: connected",
      "source": "crashlytics"
    },
    {
      "timestamp": "Wed Jun 17 2026 14:15:01 GMT+0200 (Central European Summer Time)",
      "name": "screen_view",
      "source": "analytics",
      "params": {
        "firebase_screen_class": "SelfServiceViewController"
      }
    },
    {
      "timestamp": "Wed Jun 17 2026 14:15:01 GMT+0200 (Central European Summer Time)",
      "message": "Facekom flow successfully started, Listening...",
      "source": "crashlytics"
    },
    {
      "timestamp": "Wed Jun 17 2026 14:15:01 GMT+0200 (Central European Summer Time)",
      "message": "FaceKom auth success",
      "source": "crashlytics"
    },
    {
      "timestamp": "Wed Jun 17 2026 14:15:01 GMT+0200 (Central European Summer Time)",
      "message": "FaceKom nextStep: custom(type: \"voice-liveness-check\", data: FaceKomSDK.FKSelfService.Step.SData(retry: Optional(false), isRequired: true, additionalData: Optional([\"startVideo\": 1, \"voiceLivenessCheckNumber\": 6422]), availableStreamIDs: nil, maxRetryNumber: nil))",
      "source": "crashlytics"
    },
    {
      "timestamp": "Wed Jun 17 2026 14:15:04 GMT+0200 (Central European Summer Time)",
      "name": "screen_view",
      "source": "analytics",
      "params": {
        "firebase_screen_class": "SelfieViewController"
      }
    },
    {
      "timestamp": "Wed Jun 17 2026 14:15:04 GMT+0200 (Central European Summer Time)",
      "message": "FaceKom WebRTC started",
      "source": "crashlytics"
    },
    {
      "timestamp": "Wed Jun 17 2026 14:15:06 GMT+0200 (Central European Summer Time)",
      "message": "FaceKom -> StepMessage: guide(step: \"voice-liveness-check\", data: FaceKomSDK.FKSelfService.StepMessageDataGuide(type: \"head_position\", instruction: \"move_head_up\"))",
      "source": "crashlytics"
    },
    {
      "timestamp": "Wed Jun 17 2026 14:15:08 GMT+0200 (Central European Summer Time)",
      "message": "FaceKom -> StepMessage: guide(step: \"voice-liveness-check\", data: FaceKomSDK.FKSelfService.StepMessageDataGuide(type: \"head_position\", instruction: \"move_head_up\"))",
      "source": "crashlytics"
    },
    {
      "timestamp": "Wed Jun 17 2026 14:15:09 GMT+0200 (Central European Summer Time)",
      "message": "FaceKom -> StepMessage: guide(step: \"voice-liveness-check\", data: FaceKomSDK.FKSelfService.StepMessageDataGuide(type: \"head_position\", instruction: \"move_head_up\"))",
      "source": "crashlytics"
    },
    {
      "timestamp": "Wed Jun 17 2026 14:15:12 GMT+0200 (Central European Summer Time)",
      "message": "FaceKom -> StepMessage: guide(step: \"voice-liveness-check\", data: FaceKomSDK.FKSelfService.StepMessageDataGuide(type: \"head_position\", instruction: \"move_head_up\"))",
      "source": "crashlytics"
    },
    {
      "timestamp": "Wed Jun 17 2026 14:15:14 GMT+0200 (Central European Summer Time)",
      "message": "FaceKom handleNewMessageStep: detection:status:face, currentStep: voice-liveness-check",
      "source": "crashlytics"
    },
    {
      "timestamp": "Wed Jun 17 2026 14:15:14 GMT+0200 (Central European Summer Time)",
      "message": "FaceKom consent voice: nil, face: Optional(eSzigno.MessageStep.faceDetection)",
      "source": "crashlytics"
    },
    {
      "timestamp": "Wed Jun 17 2026 14:15:14 GMT+0200 (Central European Summer Time)",
      "message": "FaceKom -> StepMessage: task(step: \"voice-liveness-check\", data: FaceKomSDK.FKSelfService.StepMessageDataTask(instruction: \"detection:status:face\", message: Optional(\"success\")))",
      "source": "crashlytics"
    },
    {
      "timestamp": "Wed Jun 17 2026 14:15:35 GMT+0200 (Central European Summer Time)",
      "message": "FaceKom user initiated closing, isAlreadyClosed: false, currentStep: voiceLivenessCheck",
      "source": "crashlytics"
    },
    {
      "timestamp": "Wed Jun 17 2026 14:15:35 GMT+0200 (Central European Summer Time)",
      "message": "FaceKom nextStep: end(status: \"aborted\", additionalData: nil)",
      "source": "crashlytics"
    },
    {
      "timestamp": "Wed Jun 17 2026 14:15:35 GMT+0200 (Central European Summer Time)",
      "message": "Facekom SelfService stopped and cleared.",
      "source": "crashlytics"
    },
    {
      "timestamp": "Wed Jun 17 2026 14:15:35 GMT+0200 (Central European Summer Time)",
      "message": "FaceKom status changed: disconnected",
      "source": "crashlytics"
    },
    {
      "timestamp": "Wed Jun 17 2026 14:15:35 GMT+0200 (Central European Summer Time)",
      "message": "FaceKom status changed: disconnected",
      "source": "crashlytics"
    },
    {
      "timestamp": "Wed Jun 17 2026 14:15:35 GMT+0200 (Central European Summer Time)",
      "message": "FaceKom aborted state: nil",
      "source": "crashlytics"
    },
    {
      "timestamp": "Wed Jun 17 2026 14:15:35 GMT+0200 (Central European Summer Time)",
      "message": "Facekom finished with state: aborted(message: Optional(\"Ismeretlen hiba történt!\"))",
      "source": "crashlytics"
    },
    {
      "timestamp": "Wed Jun 17 2026 14:15:35 GMT+0200 (Central European Summer Time)",
      "message": "FaceKom stopStream",
      "source": "crashlytics"
    },
    {
      "timestamp": "Wed Jun 17 2026 14:15:35 GMT+0200 (Central European Summer Time)",
      "message": "FaceKom user initiated closing, isAlreadyClosed: true, currentStep: end",
      "source": "crashlytics"
    },
    {
      "timestamp": "Wed Jun 17 2026 14:15:35 GMT+0200 (Central European Summer Time)",
      "name": "screen_view",
      "source": "analytics",
      "params": {
        "firebase_screen_class": "FinishViewController"
      }
    },
    {
      "timestamp": "Wed Jun 17 2026 14:15:35 GMT+0200 (Central European Summer Time)",
      "name": "screen_view",
      "source": "analytics",
      "params": {
        "firebase_screen_class": "LoginStartScreen"
      }
    }
  ]
}