{
  "title": "Crashlytics - Custom logs",
  "bundle_identifier": "hu.microsec.eszigno.mobile",
  "platform": "apple",
  "display_version": "3.7.1",
  "build_version": "2759",
  "issue_id": "66ab9689c1addf4cdac8881ddf52eff2",
  "session_id": "547b9a2905fc4029964ba15d1a47fcfd_DNE_1_v2",
  "event_timestamp": "Fri Jun 26 2026 09:14:06 GMT+0200 (Central European Summer Time)",
  "logs_and_breadcrumbs": [
    {
      "timestamp": "Fri Jun 26 2026 09:09:35 GMT+0200 (Central European Summer Time)",
      "name": "screen_view",
      "source": "analytics",
      "params": {
        "firebase_screen_class": "EULAScreen"
      }
    },
    {
      "timestamp": "Fri Jun 26 2026 09:09:37 GMT+0200 (Central European Summer Time)",
      "name": "screen_view",
      "source": "analytics",
      "params": {
        "firebase_screen_class": "LoginStartScreen"
      }
    },
    {
      "timestamp": "Fri Jun 26 2026 09:09:40 GMT+0200 (Central European Summer Time)",
      "name": "screen_view",
      "source": "analytics",
      "params": {
        "firebase_screen_class": "LoginQrReaderScreen"
      }
    },
    {
      "timestamp": "Fri Jun 26 2026 09:09:43 GMT+0200 (Central European Summer Time)",
      "name": "screen_view",
      "source": "analytics",
      "params": {
        "firebase_screen_class": "VideoUserAgreementsScreen"
      }
    },
    {
      "timestamp": "Fri Jun 26 2026 09:09:45 GMT+0200 (Central European Summer Time)",
      "name": "screen_view",
      "source": "analytics",
      "params": {
        "firebase_screen_class": "VideoAssistanceScreen"
      }
    },
    {
      "timestamp": "Fri Jun 26 2026 09:09:45 GMT+0200 (Central European Summer Time)",
      "message": "FaceKom started from: videoId",
      "source": "crashlytics"
    },
    {
      "timestamp": "Fri Jun 26 2026 09:09:45 GMT+0200 (Central European Summer Time)",
      "message": "FaceKom started with assistance: false",
      "source": "crashlytics"
    },
    {
      "timestamp": "Fri Jun 26 2026 09:09:46 GMT+0200 (Central European Summer Time)",
      "name": "screen_view",
      "source": "analytics",
      "params": {
        "firebase_screen_class": "VideoIntroScreen"
      }
    },
    {
      "timestamp": "Fri Jun 26 2026 09:09:59 GMT+0200 (Central European Summer Time)",
      "message": "FaceKom ID Verified",
      "source": "crashlytics"
    },
    {
      "timestamp": "Fri Jun 26 2026 09:09:59 GMT+0200 (Central European Summer Time)",
      "name": "screen_view",
      "source": "analytics",
      "params": {
        "firebase_screen_class": "IdVerificationScreen"
      }
    },
    {
      "timestamp": "Fri Jun 26 2026 09:10:15 GMT+0200 (Central European Summer Time)",
      "message": "FaceKom SelfService started",
      "source": "crashlytics"
    },
    {
      "timestamp": "Fri Jun 26 2026 09:10:16 GMT+0200 (Central European Summer Time)",
      "message": "FaceKom getSettings success",
      "source": "crashlytics"
    },
    {
      "timestamp": "Fri Jun 26 2026 09:10:16 GMT+0200 (Central European Summer Time)",
      "message": "FaceKom status changed: connecting",
      "source": "crashlytics"
    },
    {
      "timestamp": "Fri Jun 26 2026 09:10:16 GMT+0200 (Central European Summer Time)",
      "message": "FaceKom connectSocket success",
      "source": "crashlytics"
    },
    {
      "timestamp": "Fri Jun 26 2026 09:10:16 GMT+0200 (Central European Summer Time)",
      "message": "FaceKom status changed: connected",
      "source": "crashlytics"
    },
    {
      "timestamp": "Fri Jun 26 2026 09:10:16 GMT+0200 (Central European Summer Time)",
      "name": "screen_view",
      "source": "analytics",
      "params": {
        "firebase_screen_class": "SelfServiceViewController"
      }
    },
    {
      "timestamp": "Fri Jun 26 2026 09:10:16 GMT+0200 (Central European Summer Time)",
      "message": "Facekom flow successfully started, Listening...",
      "source": "crashlytics"
    },
    {
      "timestamp": "Fri Jun 26 2026 09:10:16 GMT+0200 (Central European Summer Time)",
      "message": "FaceKom auth success",
      "source": "crashlytics"
    },
    {
      "timestamp": "Fri Jun 26 2026 09:10:16 GMT+0200 (Central European Summer Time)",
      "message": "FaceKom nextStep: custom(type: \"voice-liveness-check\", data: FaceKomSDK.FKSelfService.Step.SData(retry: Optional(false), isRequired: true, additionalData: Optional([\"startVideo\": 1, \"voiceLivenessCheckNumber\": 5764]), availableStreamIDs: nil, maxRetryNumber: nil))",
      "source": "crashlytics"
    },
    {
      "timestamp": "Fri Jun 26 2026 09:10:18 GMT+0200 (Central European Summer Time)",
      "name": "screen_view",
      "source": "analytics",
      "params": {
        "firebase_screen_class": "SelfieViewController"
      }
    },
    {
      "timestamp": "Fri Jun 26 2026 09:10:18 GMT+0200 (Central European Summer Time)",
      "message": "FaceKom WebRTC started",
      "source": "crashlytics"
    },
    {
      "timestamp": "Fri Jun 26 2026 09:10:19 GMT+0200 (Central European Summer Time)",
      "message": "FaceKom -> StepMessage: guide(step: \"voice-liveness-check\", data: FaceKomSDK.FKSelfService.StepMessageDataGuide(type: \"head_position\", instruction: \"move_head_up\"))",
      "source": "crashlytics"
    },
    {
      "timestamp": "Fri Jun 26 2026 09:10:20 GMT+0200 (Central European Summer Time)",
      "message": "FaceKom handleNewMessageStep: detection:status:voice, currentStep: voice-liveness-check",
      "source": "crashlytics"
    },
    {
      "timestamp": "Fri Jun 26 2026 09:10:20 GMT+0200 (Central European Summer Time)",
      "message": "FaceKom consent voice: Optional(eSzigno.MessageStep.voiceDetection), face: nil",
      "source": "crashlytics"
    },
    {
      "timestamp": "Fri Jun 26 2026 09:10:20 GMT+0200 (Central European Summer Time)",
      "message": "FaceKom -> StepMessage: task(step: \"voice-liveness-check\", data: FaceKomSDK.FKSelfService.StepMessageDataTask(instruction: \"detection:status:voice\", message: Optional(\"success\")))",
      "source": "crashlytics"
    },
    {
      "timestamp": "Fri Jun 26 2026 09:10:21 GMT+0200 (Central European Summer Time)",
      "message": "FaceKom -> StepMessage: guide(step: \"voice-liveness-check\", data: FaceKomSDK.FKSelfService.StepMessageDataGuide(type: \"head_position\", instruction: \"move_head_up\"))",
      "source": "crashlytics"
    },
    {
      "timestamp": "Fri Jun 26 2026 09:10:23 GMT+0200 (Central European Summer Time)",
      "message": "FaceKom -> StepMessage: guide(step: \"voice-liveness-check\", data: FaceKomSDK.FKSelfService.StepMessageDataGuide(type: \"head_position\", instruction: \"move_head_left\"))",
      "source": "crashlytics"
    },
    {
      "timestamp": "Fri Jun 26 2026 09:10:24 GMT+0200 (Central European Summer Time)",
      "message": "FaceKom handleNewMessageStep: detection:status:face, currentStep: voice-liveness-check",
      "source": "crashlytics"
    },
    {
      "timestamp": "Fri Jun 26 2026 09:10:24 GMT+0200 (Central European Summer Time)",
      "message": "FaceKom consent voice: Optional(eSzigno.MessageStep.voiceDetection), face: Optional(eSzigno.MessageStep.faceDetection)",
      "source": "crashlytics"
    },
    {
      "timestamp": "Fri Jun 26 2026 09:10:24 GMT+0200 (Central European Summer Time)",
      "message": "FaceKom -> StepMessage: task(step: \"voice-liveness-check\", data: FaceKomSDK.FKSelfService.StepMessageDataTask(instruction: \"detection:status:face\", message: Optional(\"success\")))",
      "source": "crashlytics"
    },
    {
      "timestamp": "Fri Jun 26 2026 09:10:30 GMT+0200 (Central European Summer Time)",
      "message": "FaceKom nextStep: custom(type: \"deepfake-detection\", data: FaceKomSDK.FKSelfService.Step.SData(retry: Optional(false), isRequired: true, additionalData: nil, availableStreamIDs: nil, maxRetryNumber: nil))",
      "source": "crashlytics"
    },
    {
      "timestamp": "Fri Jun 26 2026 09:10:31 GMT+0200 (Central European Summer Time)",
      "message": "FaceKom handleNewMessageStep: detection:status:face, currentStep: deepfake-detection",
      "source": "crashlytics"
    },
    {
      "timestamp": "Fri Jun 26 2026 09:10:31 GMT+0200 (Central European Summer Time)",
      "message": "FaceKom consent face: Optional(eSzigno.MessageStep.faceDetection), card: nil",
      "source": "crashlytics"
    },
    {
      "timestamp": "Fri Jun 26 2026 09:10:31 GMT+0200 (Central European Summer Time)",
      "message": "FaceKom -> StepMessage: task(step: \"deepfake-detection\", data: FaceKomSDK.FKSelfService.StepMessageDataTask(instruction: \"detection:status:face\", message: Optional(\"success\")))",
      "source": "crashlytics"
    },
    {
      "timestamp": "Fri Jun 26 2026 09:11:38 GMT+0200 (Central European Summer Time)",
      "message": "FaceKom handleNewMessageStep: detection:status:card, currentStep: deepfake-detection",
      "source": "crashlytics"
    },
    {
      "timestamp": "Fri Jun 26 2026 09:11:38 GMT+0200 (Central European Summer Time)",
      "message": "FaceKom consent face: Optional(eSzigno.MessageStep.faceDetection), card: Optional(eSzigno.MessageStep.cardDetection)",
      "source": "crashlytics"
    },
    {
      "timestamp": "Fri Jun 26 2026 09:11:38 GMT+0200 (Central European Summer Time)",
      "message": "FaceKom -> StepMessage: task(step: \"deepfake-detection\", data: FaceKomSDK.FKSelfService.StepMessageDataTask(instruction: \"detection:status:card\", message: Optional(\"success\")))",
      "source": "crashlytics"
    },
    {
      "timestamp": "Fri Jun 26 2026 09:11:38 GMT+0200 (Central European Summer Time)",
      "message": "FaceKom nextStep: customerPortrait(data: FaceKomSDK.FKSelfService.Step.SData(retry: Optional(false), isRequired: true, additionalData: nil, availableStreamIDs: nil, maxRetryNumber: nil))",
      "source": "crashlytics"
    },
    {
      "timestamp": "Fri Jun 26 2026 09:12:02 GMT+0200 (Central European Summer Time)",
      "message": "FaceKom nextStep: idFront(idType: FaceKomSDK.FKUserData.IDCardType.identityCard, data: FaceKomSDK.FKSelfService.Step.SData(retry: Optional(false), isRequired: true, additionalData: Optional([\"stopVideo\": 1]), availableStreamIDs: nil, maxRetryNumber: nil))",
      "source": "crashlytics"
    },
    {
      "timestamp": "Fri Jun 26 2026 09:12:02 GMT+0200 (Central European Summer Time)",
      "message": "FaceKom stopStream",
      "source": "crashlytics"
    },
    {
      "timestamp": "Fri Jun 26 2026 09:12:03 GMT+0200 (Central European Summer Time)",
      "name": "screen_view",
      "source": "analytics",
      "params": {
        "firebase_screen_class": "IdCardViewController"
      }
    },
    {
      "timestamp": "Fri Jun 26 2026 09:12:37 GMT+0200 (Central European Summer Time)",
      "message": "FaceKom nextStep: idBack(idType: FaceKomSDK.FKUserData.IDCardType.identityCard, data: FaceKomSDK.FKSelfService.Step.SData(retry: Optional(false), isRequired: true, additionalData: nil, availableStreamIDs: nil, maxRetryNumber: nil))",
      "source": "crashlytics"
    },
    {
      "timestamp": "Fri Jun 26 2026 09:12:49 GMT+0200 (Central European Summer Time)",
      "message": "FaceKom nextStep: hologram(data: FaceKomSDK.FKSelfService.Step.SData(retry: Optional(false), isRequired: true, additionalData: Optional([\"startVideo\": 1]), availableStreamIDs: nil, maxRetryNumber: nil))",
      "source": "crashlytics"
    },
    {
      "timestamp": "Fri Jun 26 2026 09:12:50 GMT+0200 (Central European Summer Time)",
      "name": "screen_view",
      "source": "analytics",
      "params": {
        "firebase_screen_class": "InfoViewController"
      }
    },
    {
      "timestamp": "Fri Jun 26 2026 09:13:06 GMT+0200 (Central European Summer Time)",
      "name": "screen_view",
      "source": "analytics",
      "params": {
        "firebase_screen_class": "IdCardViewController"
      }
    },
    {
      "timestamp": "Fri Jun 26 2026 09:13:06 GMT+0200 (Central European Summer Time)",
      "name": "screen_view",
      "source": "analytics",
      "params": {
        "firebase_screen_class": "SelfServiceViewController"
      }
    },
    {
      "timestamp": "Fri Jun 26 2026 09:13:06 GMT+0200 (Central European Summer Time)",
      "name": "screen_view",
      "source": "analytics",
      "params": {
        "firebase_screen_class": "HologramViewController"
      }
    },
    {
      "timestamp": "Fri Jun 26 2026 09:13:06 GMT+0200 (Central European Summer Time)",
      "message": "FaceKom WebRTC started",
      "source": "crashlytics"
    },
    {
      "timestamp": "Fri Jun 26 2026 09:13:28 GMT+0200 (Central European Summer Time)",
      "message": "FaceKom nextStep: custom(type: \"id-back-video\", data: FaceKomSDK.FKSelfService.Step.SData(retry: Optional(false), isRequired: true, additionalData: nil, availableStreamIDs: nil, maxRetryNumber: nil))",
      "source": "crashlytics"
    },
    {
      "timestamp": "Fri Jun 26 2026 09:13:41 GMT+0200 (Central European Summer Time)",
      "message": "FaceKom nextStep: twoFactor(data: FaceKomSDK.FKSelfService.Step.SData(retry: Optional(false), isRequired: true, additionalData: Optional([\"stopVideo\": 1]), availableStreamIDs: nil, maxRetryNumber: nil))",
      "source": "crashlytics"
    },
    {
      "timestamp": "Fri Jun 26 2026 09:13:42 GMT+0200 (Central European Summer Time)",
      "message": "FaceKom stopStream",
      "source": "crashlytics"
    },
    {
      "timestamp": "Fri Jun 26 2026 09:13:42 GMT+0200 (Central European Summer Time)",
      "name": "screen_view",
      "source": "analytics",
      "params": {
        "firebase_screen_class": "TwoFactorViewController"
      }
    },
    {
      "timestamp": "Fri Jun 26 2026 09:14:03 GMT+0200 (Central European Summer Time)",
      "message": "FaceKom nextStep: end(status: \"finished\", additionalData: nil)",
      "source": "crashlytics"
    },
    {
      "timestamp": "Fri Jun 26 2026 09:14:03 GMT+0200 (Central European Summer Time)",
      "message": "FaceKom status changed: disconnected",
      "source": "crashlytics"
    },
    {
      "timestamp": "Fri Jun 26 2026 09:14:03 GMT+0200 (Central European Summer Time)",
      "message": "FaceKom status changed: disconnected",
      "source": "crashlytics"
    },
    {
      "timestamp": "Fri Jun 26 2026 09:14:03 GMT+0200 (Central European Summer Time)",
      "message": "Facekom finished with state: finished",
      "source": "crashlytics"
    },
    {
      "timestamp": "Fri Jun 26 2026 09:14:04 GMT+0200 (Central European Summer Time)",
      "name": "screen_view",
      "source": "analytics",
      "params": {
        "firebase_screen_class": "FinishViewController"
      }
    },
    {
      "timestamp": "Fri Jun 26 2026 09:14:06 GMT+0200 (Central European Summer Time)",
      "message": "FaceKom finished with type: approve",
      "source": "crashlytics"
    },
    {
      "timestamp": "Fri Jun 26 2026 09:14:06 GMT+0200 (Central European Summer Time)",
      "message": "FaceKom user initiated closing, isAlreadyClosed: true, currentStep: end",
      "source": "crashlytics"
    },
    {
      "timestamp": "Fri Jun 26 2026 09:14:06 GMT+0200 (Central European Summer Time)",
      "name": "screen_view",
      "source": "analytics",
      "params": {
        "firebase_screen_class": "LoginQrReaderScreen"
      }
    }
  ]
}