{
  "title": "Crashlytics - Custom logs",
  "bundle_identifier": "hu.microsec.eszigno.mobile",
  "platform": "apple",
  "display_version": "3.7.1",
  "build_version": "2759",
  "issue_id": "fc90ac57101d1258a32120e65642f194",
  "session_id": "a26ec7bae4fa459985958abdbcc72331_DNE_1_v2",
  "event_timestamp": "Thu Jul 16 2026 15:59:50 GMT+0200 (Central European Summer Time)",
  "logs_and_breadcrumbs": [
    {
      "timestamp": "Thu Jul 16 2026 15:56:07 GMT+0200 (Central European Summer Time)",
      "name": "screen_view",
      "source": "analytics",
      "params": {
        "firebase_screen_class": "EULAScreen"
      }
    },
    {
      "timestamp": "Thu Jul 16 2026 15:56:10 GMT+0200 (Central European Summer Time)",
      "name": "screen_view",
      "source": "analytics",
      "params": {
        "firebase_screen_class": "LoginStartScreen"
      }
    },
    {
      "timestamp": "Thu Jul 16 2026 15:56:13 GMT+0200 (Central European Summer Time)",
      "name": "screen_view",
      "source": "analytics",
      "params": {
        "firebase_screen_class": "LoginSelectorScreen"
      }
    },
    {
      "timestamp": "Thu Jul 16 2026 15:56:19 GMT+0200 (Central European Summer Time)",
      "name": "screen_view",
      "source": "analytics",
      "params": {
        "firebase_screen_class": "LoginQrReaderScreen"
      }
    },
    {
      "timestamp": "Thu Jul 16 2026 15:58:11 GMT+0200 (Central European Summer Time)",
      "name": "screen_view",
      "source": "analytics",
      "params": {
        "firebase_screen_class": "VideoUserAgreementsScreen"
      }
    },
    {
      "timestamp": "Thu Jul 16 2026 15:58:16 GMT+0200 (Central European Summer Time)",
      "name": "screen_view",
      "source": "analytics",
      "params": {
        "firebase_screen_class": "VideoAssistanceScreen"
      }
    },
    {
      "timestamp": "Thu Jul 16 2026 15:58:29 GMT+0200 (Central European Summer Time)",
      "message": "FaceKom started from: videoId",
      "source": "crashlytics"
    },
    {
      "timestamp": "Thu Jul 16 2026 15:58:29 GMT+0200 (Central European Summer Time)",
      "message": "FaceKom started with assistance: false",
      "source": "crashlytics"
    },
    {
      "timestamp": "Thu Jul 16 2026 15:58:30 GMT+0200 (Central European Summer Time)",
      "name": "screen_view",
      "source": "analytics",
      "params": {
        "firebase_screen_class": "VideoIntroScreen"
      }
    },
    {
      "timestamp": "Thu Jul 16 2026 15:58:47 GMT+0200 (Central European Summer Time)",
      "message": "FaceKom ID Verified",
      "source": "crashlytics"
    },
    {
      "timestamp": "Thu Jul 16 2026 15:58:47 GMT+0200 (Central European Summer Time)",
      "name": "screen_view",
      "source": "analytics",
      "params": {
        "firebase_screen_class": "IdVerificationScreen"
      }
    },
    {
      "timestamp": "Thu Jul 16 2026 15:58:56 GMT+0200 (Central European Summer Time)",
      "message": "FaceKom SelfService started",
      "source": "crashlytics"
    },
    {
      "timestamp": "Thu Jul 16 2026 15:58:56 GMT+0200 (Central European Summer Time)",
      "message": "FaceKom getSettings success",
      "source": "crashlytics"
    },
    {
      "timestamp": "Thu Jul 16 2026 15:58:56 GMT+0200 (Central European Summer Time)",
      "message": "FaceKom status changed: connecting",
      "source": "crashlytics"
    },
    {
      "timestamp": "Thu Jul 16 2026 15:58:56 GMT+0200 (Central European Summer Time)",
      "message": "FaceKom connectSocket success",
      "source": "crashlytics"
    },
    {
      "timestamp": "Thu Jul 16 2026 15:58:56 GMT+0200 (Central European Summer Time)",
      "message": "FaceKom status changed: connected",
      "source": "crashlytics"
    },
    {
      "timestamp": "Thu Jul 16 2026 15:58:56 GMT+0200 (Central European Summer Time)",
      "name": "screen_view",
      "source": "analytics",
      "params": {
        "firebase_screen_class": "SelfServiceViewController"
      }
    },
    {
      "timestamp": "Thu Jul 16 2026 15:58:57 GMT+0200 (Central European Summer Time)",
      "message": "Facekom flow successfully started, Listening...",
      "source": "crashlytics"
    },
    {
      "timestamp": "Thu Jul 16 2026 15:58:57 GMT+0200 (Central European Summer Time)",
      "message": "FaceKom auth success",
      "source": "crashlytics"
    },
    {
      "timestamp": "Thu Jul 16 2026 15:58:57 GMT+0200 (Central European Summer Time)",
      "message": "FaceKom nextStep: custom(type: \"voice-liveness-check\", data: FaceKomSDK.FKSelfService.Step.SData(retry: Optional(false), isRequired: true, additionalData: Optional([\"startVideo\": 1, \"voiceLivenessCheckNumber\": 0975]), availableStreamIDs: nil, maxRetryNumber: nil))",
      "source": "crashlytics"
    },
    {
      "timestamp": "Thu Jul 16 2026 15:59:07 GMT+0200 (Central European Summer Time)",
      "name": "screen_view",
      "source": "analytics",
      "params": {
        "firebase_screen_class": "SelfieViewController"
      }
    },
    {
      "timestamp": "Thu Jul 16 2026 15:59:07 GMT+0200 (Central European Summer Time)",
      "message": "FaceKom WebRTC started",
      "source": "crashlytics"
    },
    {
      "timestamp": "Thu Jul 16 2026 15:59:09 GMT+0200 (Central European Summer Time)",
      "message": "FaceKom handleNewMessageStep: detection:status:voice, currentStep: voice-liveness-check",
      "source": "crashlytics"
    },
    {
      "timestamp": "Thu Jul 16 2026 15:59:09 GMT+0200 (Central European Summer Time)",
      "message": "FaceKom consent voice: Optional(eSzigno.MessageStep.voiceDetection), face: nil",
      "source": "crashlytics"
    },
    {
      "timestamp": "Thu Jul 16 2026 15:59:09 GMT+0200 (Central European Summer Time)",
      "message": "FaceKom -> StepMessage: task(step: \"voice-liveness-check\", data: FaceKomSDK.FKSelfService.StepMessageDataTask(instruction: \"detection:status:voice\", message: Optional(\"success\")))",
      "source": "crashlytics"
    },
    {
      "timestamp": "Thu Jul 16 2026 15:59:10 GMT+0200 (Central European Summer Time)",
      "message": "FaceKom handleNewMessageStep: detection:status:face, currentStep: voice-liveness-check",
      "source": "crashlytics"
    },
    {
      "timestamp": "Thu Jul 16 2026 15:59:10 GMT+0200 (Central European Summer Time)",
      "message": "FaceKom consent voice: Optional(eSzigno.MessageStep.voiceDetection), face: Optional(eSzigno.MessageStep.faceDetection)",
      "source": "crashlytics"
    },
    {
      "timestamp": "Thu Jul 16 2026 15:59:10 GMT+0200 (Central European Summer Time)",
      "message": "FaceKom -> StepMessage: task(step: \"voice-liveness-check\", data: FaceKomSDK.FKSelfService.StepMessageDataTask(instruction: \"detection:status:face\", message: Optional(\"success\")))",
      "source": "crashlytics"
    },
    {
      "timestamp": "Thu Jul 16 2026 15:59:50 GMT+0200 (Central European Summer Time)",
      "message": "FaceKom session did enter background at step: voice-liveness-check, isVideoStep: true.",
      "source": "crashlytics"
    },
    {
      "timestamp": "Thu Jul 16 2026 15:59:50 GMT+0200 (Central European Summer Time)",
      "message": "FaceKom user initiated closing, isAlreadyClosed: false, currentStep: voiceLivenessCheck",
      "source": "crashlytics"
    },
    {
      "timestamp": "Thu Jul 16 2026 15:59:50 GMT+0200 (Central European Summer Time)",
      "message": "FaceKom nextStep: end(status: \"aborted\", additionalData: nil)",
      "source": "crashlytics"
    },
    {
      "timestamp": "Thu Jul 16 2026 15:59:50 GMT+0200 (Central European Summer Time)",
      "message": "Facekom SelfService stopped and cleared.",
      "source": "crashlytics"
    },
    {
      "timestamp": "Thu Jul 16 2026 15:59:50 GMT+0200 (Central European Summer Time)",
      "message": "FaceKom status changed: disconnected",
      "source": "crashlytics"
    },
    {
      "timestamp": "Thu Jul 16 2026 15:59:50 GMT+0200 (Central European Summer Time)",
      "message": "FaceKom status changed: disconnected",
      "source": "crashlytics"
    },
    {
      "timestamp": "Thu Jul 16 2026 15:59:50 GMT+0200 (Central European Summer Time)",
      "message": "FaceKom aborted state: nil",
      "source": "crashlytics"
    },
    {
      "timestamp": "Thu Jul 16 2026 15:59:50 GMT+0200 (Central European Summer Time)",
      "message": "Facekom finished with state: aborted(message: Optional(\"Ismeretlen hiba történt!\"))",
      "source": "crashlytics"
    },
    {
      "timestamp": "Thu Jul 16 2026 15:59:50 GMT+0200 (Central European Summer Time)",
      "message": "FaceKom user initiated closing, isAlreadyClosed: true, currentStep: end",
      "source": "crashlytics"
    },
    {
      "timestamp": "Thu Jul 16 2026 15:59:50 GMT+0200 (Central European Summer Time)",
      "message": "FaceKom stopStream",
      "source": "crashlytics"
    }
  ]
}