{
  "title": "Crashlytics - Custom logs",
  "bundle_identifier": "hu.microsec.eszigno.mobile",
  "platform": "apple",
  "display_version": "3.8.1",
  "build_version": "2809",
  "issue_id": "1782c2128a0148281dace39bf8664159",
  "session_id": "b6b286a343f043969d889d592b25111e_DNE_1_v2",
  "event_timestamp": "Wed Aug 05 2026 17:39:59 GMT+0200 (Central European Summer Time)",
  "logs_and_breadcrumbs": [
    {
      "timestamp": "Wed Aug 05 2026 17:36:23 GMT+0200 (Central European Summer Time)",
      "name": "screen_view",
      "source": "analytics",
      "params": {
        "firebase_screen_class": "EULAScreen"
      }
    },
    {
      "timestamp": "Wed Aug 05 2026 17:36:25 GMT+0200 (Central European Summer Time)",
      "name": "screen_view",
      "source": "analytics",
      "params": {
        "firebase_screen_class": "LoginStartScreen"
      }
    },
    {
      "timestamp": "Wed Aug 05 2026 17:36:29 GMT+0200 (Central European Summer Time)",
      "name": "screen_view",
      "source": "analytics",
      "params": {
        "firebase_screen_class": "LoginQrReaderScreen"
      }
    },
    {
      "timestamp": "Wed Aug 05 2026 17:36:35 GMT+0200 (Central European Summer Time)",
      "name": "screen_view",
      "source": "analytics",
      "params": {
        "firebase_screen_class": "VideoUserAgreementsScreen"
      }
    },
    {
      "timestamp": "Wed Aug 05 2026 17:36:38 GMT+0200 (Central European Summer Time)",
      "name": "screen_view",
      "source": "analytics",
      "params": {
        "firebase_screen_class": "VideoAssistanceScreen"
      }
    },
    {
      "timestamp": "Wed Aug 05 2026 17:36:42 GMT+0200 (Central European Summer Time)",
      "message": "FaceKom started from: videoId",
      "source": "crashlytics"
    },
    {
      "timestamp": "Wed Aug 05 2026 17:36:42 GMT+0200 (Central European Summer Time)",
      "message": "FaceKom started with assistance: false",
      "source": "crashlytics"
    },
    {
      "timestamp": "Wed Aug 05 2026 17:36:43 GMT+0200 (Central European Summer Time)",
      "name": "screen_view",
      "source": "analytics",
      "params": {
        "firebase_screen_class": "VideoIntroScreen"
      }
    },
    {
      "timestamp": "Wed Aug 05 2026 17:36:58 GMT+0200 (Central European Summer Time)",
      "message": "FaceKom ID Verified, document type: id-card",
      "source": "crashlytics"
    },
    {
      "timestamp": "Wed Aug 05 2026 17:36:59 GMT+0200 (Central European Summer Time)",
      "name": "screen_view",
      "source": "analytics",
      "params": {
        "firebase_screen_class": "IdVerificationScreen"
      }
    },
    {
      "timestamp": "Wed Aug 05 2026 17:37:04 GMT+0200 (Central European Summer Time)",
      "message": "FaceKom SelfService started",
      "source": "crashlytics"
    },
    {
      "timestamp": "Wed Aug 05 2026 17:37:05 GMT+0200 (Central European Summer Time)",
      "message": "FaceKom getSettings success",
      "source": "crashlytics"
    },
    {
      "timestamp": "Wed Aug 05 2026 17:37:05 GMT+0200 (Central European Summer Time)",
      "message": "FaceKom status changed: connecting",
      "source": "crashlytics"
    },
    {
      "timestamp": "Wed Aug 05 2026 17:37:05 GMT+0200 (Central European Summer Time)",
      "message": "FaceKom connectSocket success",
      "source": "crashlytics"
    },
    {
      "timestamp": "Wed Aug 05 2026 17:37:05 GMT+0200 (Central European Summer Time)",
      "message": "FaceKom status changed: connected",
      "source": "crashlytics"
    },
    {
      "timestamp": "Wed Aug 05 2026 17:37:05 GMT+0200 (Central European Summer Time)",
      "message": "Facekom flow successfully started, Listening...",
      "source": "crashlytics"
    },
    {
      "timestamp": "Wed Aug 05 2026 17:37:05 GMT+0200 (Central European Summer Time)",
      "message": "FaceKom auth success",
      "source": "crashlytics"
    },
    {
      "timestamp": "Wed Aug 05 2026 17:37:05 GMT+0200 (Central European Summer Time)",
      "message": "FaceKom nextStep: custom(type: \"voice-liveness-check\", data: FaceKomSDK.FKSelfService.Step.SData(retry: Optional(false), isRequired: true, additionalData: Optional([\"startVideo\": 1, \"voiceLivenessCheckNumber\": 5711]), availableStreamIDs: nil, maxRetryNumber: nil))",
      "source": "crashlytics"
    },
    {
      "timestamp": "Wed Aug 05 2026 17:37:05 GMT+0200 (Central European Summer Time)",
      "message": "FaceKom capture consent shown",
      "source": "crashlytics"
    },
    {
      "timestamp": "Wed Aug 05 2026 17:37:05 GMT+0200 (Central European Summer Time)",
      "name": "screen_view",
      "source": "analytics",
      "params": {
        "firebase_screen_class": "SelfServiceViewController"
      }
    },
    {
      "timestamp": "Wed Aug 05 2026 17:37:11 GMT+0200 (Central European Summer Time)",
      "message": "FaceKom capture consent accepted",
      "source": "crashlytics"
    },
    {
      "timestamp": "Wed Aug 05 2026 17:37:11 GMT+0200 (Central European Summer Time)",
      "name": "screen_view",
      "source": "analytics",
      "params": {
        "firebase_screen_class": "SelfieViewController"
      }
    },
    {
      "timestamp": "Wed Aug 05 2026 17:37:11 GMT+0200 (Central European Summer Time)",
      "message": "FaceKom WebRTC started",
      "source": "crashlytics"
    },
    {
      "timestamp": "Wed Aug 05 2026 17:37:13 GMT+0200 (Central European Summer Time)",
      "message": "FaceKom handleNewMessageStep: detection:status:face, currentStep: voice-liveness-check",
      "source": "crashlytics"
    },
    {
      "timestamp": "Wed Aug 05 2026 17:37:13 GMT+0200 (Central European Summer Time)",
      "message": "FaceKom consent voice: nil, face: Optional(eSzigno.MessageStep.faceDetection)",
      "source": "crashlytics"
    },
    {
      "timestamp": "Wed Aug 05 2026 17:37:13 GMT+0200 (Central European Summer Time)",
      "message": "FaceKom -> StepMessage: task(step: \"voice-liveness-check\", data: FaceKomSDK.FKSelfService.StepMessageDataTask(instruction: \"detection:status:face\", message: Optional(\"success\")))",
      "source": "crashlytics"
    },
    {
      "timestamp": "Wed Aug 05 2026 17:37:17 GMT+0200 (Central European Summer Time)",
      "message": "FaceKom handleNewMessageStep: detection:status:voice, currentStep: voice-liveness-check",
      "source": "crashlytics"
    },
    {
      "timestamp": "Wed Aug 05 2026 17:37:17 GMT+0200 (Central European Summer Time)",
      "message": "FaceKom consent voice: Optional(eSzigno.MessageStep.voiceDetection), face: Optional(eSzigno.MessageStep.faceDetection)",
      "source": "crashlytics"
    },
    {
      "timestamp": "Wed Aug 05 2026 17:37:17 GMT+0200 (Central European Summer Time)",
      "message": "FaceKom -> StepMessage: task(step: \"voice-liveness-check\", data: FaceKomSDK.FKSelfService.StepMessageDataTask(instruction: \"detection:status:voice\", message: Optional(\"success\")))",
      "source": "crashlytics"
    },
    {
      "timestamp": "Wed Aug 05 2026 17:37:23 GMT+0200 (Central European Summer Time)",
      "message": "FaceKom nextStep: custom(type: \"deepfake-detection\", data: FaceKomSDK.FKSelfService.Step.SData(retry: Optional(false), isRequired: true, additionalData: nil, availableStreamIDs: nil, maxRetryNumber: nil))",
      "source": "crashlytics"
    },
    {
      "timestamp": "Wed Aug 05 2026 17:37:24 GMT+0200 (Central European Summer Time)",
      "message": "FaceKom handleNewMessageStep: detection:status:face, currentStep: deepfake-detection",
      "source": "crashlytics"
    },
    {
      "timestamp": "Wed Aug 05 2026 17:37:24 GMT+0200 (Central European Summer Time)",
      "message": "FaceKom consent face: Optional(eSzigno.MessageStep.faceDetection), card: nil",
      "source": "crashlytics"
    },
    {
      "timestamp": "Wed Aug 05 2026 17:37:24 GMT+0200 (Central European Summer Time)",
      "message": "FaceKom -> StepMessage: task(step: \"deepfake-detection\", data: FaceKomSDK.FKSelfService.StepMessageDataTask(instruction: \"detection:status:face\", message: Optional(\"success\")))",
      "source": "crashlytics"
    },
    {
      "timestamp": "Wed Aug 05 2026 17:37:31 GMT+0200 (Central European Summer Time)",
      "message": "FaceKom handleNewMessageStep: detection:status:card, currentStep: deepfake-detection",
      "source": "crashlytics"
    },
    {
      "timestamp": "Wed Aug 05 2026 17:37:31 GMT+0200 (Central European Summer Time)",
      "message": "FaceKom consent face: Optional(eSzigno.MessageStep.faceDetection), card: Optional(eSzigno.MessageStep.cardDetection)",
      "source": "crashlytics"
    },
    {
      "timestamp": "Wed Aug 05 2026 17:37:31 GMT+0200 (Central European Summer Time)",
      "message": "FaceKom -> StepMessage: task(step: \"deepfake-detection\", data: FaceKomSDK.FKSelfService.StepMessageDataTask(instruction: \"detection:status:card\", message: Optional(\"success\")))",
      "source": "crashlytics"
    },
    {
      "timestamp": "Wed Aug 05 2026 17:37:31 GMT+0200 (Central European Summer Time)",
      "message": "FaceKom nextStep: customerPortrait(data: FaceKomSDK.FKSelfService.Step.SData(retry: Optional(false), isRequired: true, additionalData: nil, availableStreamIDs: nil, maxRetryNumber: nil))",
      "source": "crashlytics"
    },
    {
      "timestamp": "Wed Aug 05 2026 17:37:51 GMT+0200 (Central European Summer Time)",
      "message": "FaceKom nextStep: idFront(idType: FaceKomSDK.FKUserData.IDCardType.identityCard, data: FaceKomSDK.FKSelfService.Step.SData(retry: Optional(false), isRequired: true, additionalData: Optional([\"stopVideo\": 1]), availableStreamIDs: nil, maxRetryNumber: nil))",
      "source": "crashlytics"
    },
    {
      "timestamp": "Wed Aug 05 2026 17:37:51 GMT+0200 (Central European Summer Time)",
      "message": "FaceKom stopStream",
      "source": "crashlytics"
    },
    {
      "timestamp": "Wed Aug 05 2026 17:37:52 GMT+0200 (Central European Summer Time)",
      "name": "screen_view",
      "source": "analytics",
      "params": {
        "firebase_screen_class": "IdCardViewController"
      }
    },
    {
      "timestamp": "Wed Aug 05 2026 17:38:13 GMT+0200 (Central European Summer Time)",
      "message": "FaceKom nextStep: idBack(idType: FaceKomSDK.FKUserData.IDCardType.identityCard, data: FaceKomSDK.FKSelfService.Step.SData(retry: Optional(false), isRequired: true, additionalData: nil, availableStreamIDs: nil, maxRetryNumber: nil))",
      "source": "crashlytics"
    },
    {
      "timestamp": "Wed Aug 05 2026 17:38:30 GMT+0200 (Central European Summer Time)",
      "message": "FaceKom nextStep: hologram(data: FaceKomSDK.FKSelfService.Step.SData(retry: Optional(false), isRequired: true, additionalData: Optional([\"startVideo\": 1]), availableStreamIDs: nil, maxRetryNumber: nil))",
      "source": "crashlytics"
    },
    {
      "timestamp": "Wed Aug 05 2026 17:38:30 GMT+0200 (Central European Summer Time)",
      "message": "FaceKom info shown",
      "source": "crashlytics"
    },
    {
      "timestamp": "Wed Aug 05 2026 17:38:31 GMT+0200 (Central European Summer Time)",
      "name": "screen_view",
      "source": "analytics",
      "params": {
        "firebase_screen_class": "InfoViewController"
      }
    },
    {
      "timestamp": "Wed Aug 05 2026 17:38:44 GMT+0200 (Central European Summer Time)",
      "message": "FaceKom info ready, buttons shown",
      "source": "crashlytics"
    },
    {
      "timestamp": "Wed Aug 05 2026 17:38:46 GMT+0200 (Central European Summer Time)",
      "message": "FaceKom info accepted",
      "source": "crashlytics"
    },
    {
      "timestamp": "Wed Aug 05 2026 17:38:46 GMT+0200 (Central European Summer Time)",
      "message": "FaceKom info finished, presenting hologram",
      "source": "crashlytics"
    },
    {
      "timestamp": "Wed Aug 05 2026 17:38:46 GMT+0200 (Central European Summer Time)",
      "message": "FaceKom hologram screen appeared",
      "source": "crashlytics"
    },
    {
      "timestamp": "Wed Aug 05 2026 17:38:46 GMT+0200 (Central European Summer Time)",
      "name": "screen_view",
      "source": "analytics",
      "params": {
        "firebase_screen_class": "IdCardViewController"
      }
    },
    {
      "timestamp": "Wed Aug 05 2026 17:38:46 GMT+0200 (Central European Summer Time)",
      "name": "screen_view",
      "source": "analytics",
      "params": {
        "firebase_screen_class": "SelfServiceViewController"
      }
    },
    {
      "timestamp": "Wed Aug 05 2026 17:38:46 GMT+0200 (Central European Summer Time)",
      "name": "screen_view",
      "source": "analytics",
      "params": {
        "firebase_screen_class": "HologramViewController"
      }
    },
    {
      "timestamp": "Wed Aug 05 2026 17:38:47 GMT+0200 (Central European Summer Time)",
      "message": "FaceKom WebRTC started",
      "source": "crashlytics"
    },
    {
      "timestamp": "Wed Aug 05 2026 17:38:52 GMT+0200 (Central European Summer Time)",
      "message": "FaceKom instruction: Távolítsa enyhén a készüléket!",
      "source": "crashlytics"
    },
    {
      "timestamp": "Wed Aug 05 2026 17:38:55 GMT+0200 (Central European Summer Time)",
      "message": "FaceKom instruction: Távolítsa enyhén a készüléket!",
      "source": "crashlytics"
    },
    {
      "timestamp": "Wed Aug 05 2026 17:38:55 GMT+0200 (Central European Summer Time)",
      "message": "FaceKom hologram progress reached 20%",
      "source": "crashlytics"
    },
    {
      "timestamp": "Wed Aug 05 2026 17:38:58 GMT+0200 (Central European Summer Time)",
      "message": "FaceKom instruction: Távolítsa enyhén a készüléket!",
      "source": "crashlytics"
    },
    {
      "timestamp": "Wed Aug 05 2026 17:39:01 GMT+0200 (Central European Summer Time)",
      "message": "FaceKom instruction: Távolítsa enyhén a készüléket!",
      "source": "crashlytics"
    },
    {
      "timestamp": "Wed Aug 05 2026 17:39:04 GMT+0200 (Central European Summer Time)",
      "message": "FaceKom instruction: Távolítsa enyhén a készüléket!",
      "source": "crashlytics"
    },
    {
      "timestamp": "Wed Aug 05 2026 17:39:07 GMT+0200 (Central European Summer Time)",
      "message": "FaceKom instruction: Távolítsa enyhén a készüléket!",
      "source": "crashlytics"
    },
    {
      "timestamp": "Wed Aug 05 2026 17:39:10 GMT+0200 (Central European Summer Time)",
      "message": "FaceKom instruction: Távolítsa enyhén a készüléket!",
      "source": "crashlytics"
    },
    {
      "timestamp": "Wed Aug 05 2026 17:39:13 GMT+0200 (Central European Summer Time)",
      "message": "FaceKom instruction: Távolítsa enyhén a készüléket!",
      "source": "crashlytics"
    },
    {
      "timestamp": "Wed Aug 05 2026 17:39:16 GMT+0200 (Central European Summer Time)",
      "message": "FaceKom hologram progress reached 100%",
      "source": "crashlytics"
    },
    {
      "timestamp": "Wed Aug 05 2026 17:39:17 GMT+0200 (Central European Summer Time)",
      "message": "FaceKom nextStep: custom(type: \"id-back-video\", data: FaceKomSDK.FKSelfService.Step.SData(retry: Optional(false), isRequired: true, additionalData: nil, availableStreamIDs: nil, maxRetryNumber: nil))",
      "source": "crashlytics"
    },
    {
      "timestamp": "Wed Aug 05 2026 17:39:30 GMT+0200 (Central European Summer Time)",
      "message": "FaceKom hologram idBackReady, requesting next step",
      "source": "crashlytics"
    },
    {
      "timestamp": "Wed Aug 05 2026 17:39:30 GMT+0200 (Central European Summer Time)",
      "message": "FaceKom nextStep: twoFactor(data: FaceKomSDK.FKSelfService.Step.SData(retry: Optional(false), isRequired: true, additionalData: Optional([\"stopVideo\": 1]), availableStreamIDs: nil, maxRetryNumber: nil))",
      "source": "crashlytics"
    },
    {
      "timestamp": "Wed Aug 05 2026 17:39:31 GMT+0200 (Central European Summer Time)",
      "message": "FaceKom stopStream",
      "source": "crashlytics"
    },
    {
      "timestamp": "Wed Aug 05 2026 17:39:31 GMT+0200 (Central European Summer Time)",
      "name": "screen_view",
      "source": "analytics",
      "params": {
        "firebase_screen_class": "TwoFactorViewController"
      }
    },
    {
      "timestamp": "Wed Aug 05 2026 17:39:52 GMT+0200 (Central European Summer Time)",
      "message": "FaceKom nextStep: twoFactor(data: FaceKomSDK.FKSelfService.Step.SData(retry: Optional(true), isRequired: true, additionalData: Optional([\"stopVideo\": 1]), availableStreamIDs: nil, maxRetryNumber: nil))",
      "source": "crashlytics"
    },
    {
      "timestamp": "Wed Aug 05 2026 17:39:52 GMT+0200 (Central European Summer Time)",
      "message": "FaceKom retry Step: Optional(FaceKomSDK.FKSelfService.Step.twoFactor(data: FaceKomSDK.FKSelfService.Step.SData(retry: Optional(false), isRequired: true, additionalData: Optional([\"stopVideo\": 1]), availableStreamIDs: nil, maxRetryNumber: nil)))",
      "source": "crashlytics"
    },
    {
      "timestamp": "Wed Aug 05 2026 17:39:59 GMT+0200 (Central European Summer Time)",
      "message": "FaceKom session ended, report early",
      "source": "crashlytics"
    },
    {
      "timestamp": "Wed Aug 05 2026 17:39:59 GMT+0200 (Central European Summer Time)",
      "message": "FaceKom nextStep: end(status: \"finished\", additionalData: nil)",
      "source": "crashlytics"
    },
    {
      "timestamp": "Wed Aug 05 2026 17:39:59 GMT+0200 (Central European Summer Time)",
      "message": "Facekom végzett finished státusszal.",
      "source": "crashlytics"
    },
    {
      "timestamp": "Wed Aug 05 2026 17:39:59 GMT+0200 (Central European Summer Time)",
      "message": "FaceKom status changed: disconnected",
      "source": "crashlytics"
    },
    {
      "timestamp": "Wed Aug 05 2026 17:39:59 GMT+0200 (Central European Summer Time)",
      "message": "FaceKom status changed: disconnected",
      "source": "crashlytics"
    },
    {
      "timestamp": "Wed Aug 05 2026 17:39:59 GMT+0200 (Central European Summer Time)",
      "name": "screen_view",
      "source": "analytics",
      "params": {
        "firebase_screen_class": "FinishViewController"
      }
    }
  ]
}