{
  "title": "Crashlytics - Custom logs",
  "bundle_identifier": "hu.microsec.eszigno.mobile",
  "platform": "apple",
  "display_version": "3.6.1",
  "build_version": "2662",
  "issue_id": "5dabf13a7baf66540c8b8dff4395671d",
  "session_id": "3bb08e9a2d5145d682cf7fe3dc964958_DNE_1_v2",
  "event_timestamp": "Fri Feb 13 2026 16:08:11 GMT+0100 (Central European Standard Time)",
  "logs_and_breadcrumbs": [
    {
      "timestamp": "Fri Feb 13 2026 15:58:30 GMT+0100 (Central European Standard Time)",
      "name": "screen_view",
      "source": "analytics",
      "params": {
        "firebase_screen_class": "EULAScreen"
      }
    },
    {
      "timestamp": "Fri Feb 13 2026 15:58:33 GMT+0100 (Central European Standard Time)",
      "name": "screen_view",
      "source": "analytics",
      "params": {
        "firebase_screen_class": "LoginStartScreen"
      }
    },
    {
      "timestamp": "Fri Feb 13 2026 15:58:37 GMT+0100 (Central European Standard Time)",
      "name": "screen_view",
      "source": "analytics",
      "params": {
        "firebase_screen_class": "LoginSelectorScreen"
      }
    },
    {
      "timestamp": "Fri Feb 13 2026 15:59:14 GMT+0100 (Central European Standard Time)",
      "name": "screen_view",
      "source": "analytics",
      "params": {
        "firebase_screen_class": "PortalTwoFAScreen"
      }
    },
    {
      "timestamp": "Fri Feb 13 2026 15:59:35 GMT+0100 (Central European Standard Time)",
      "name": "screen_view",
      "source": "analytics",
      "params": {
        "firebase_screen_class": "PackageUpgradeScreen"
      }
    },
    {
      "timestamp": "Fri Feb 13 2026 15:59:44 GMT+0100 (Central European Standard Time)",
      "name": "screen_view",
      "source": "analytics",
      "params": {
        "firebase_screen_class": "LoginSelectorScreen"
      }
    },
    {
      "timestamp": "Fri Feb 13 2026 16:00:07 GMT+0100 (Central European Standard Time)",
      "name": "screen_view",
      "source": "analytics",
      "params": {
        "firebase_screen_class": "PortalTwoFAScreen"
      }
    },
    {
      "timestamp": "Fri Feb 13 2026 16:00:48 GMT+0100 (Central European Standard Time)",
      "name": "screen_view",
      "source": "analytics",
      "params": {
        "firebase_screen_class": "PackageUpgradeScreen"
      }
    },
    {
      "timestamp": "Fri Feb 13 2026 16:00:58 GMT+0100 (Central European Standard Time)",
      "name": "screen_view",
      "source": "analytics",
      "params": {
        "firebase_screen_class": "LoginSelectorScreen"
      }
    },
    {
      "timestamp": "Fri Feb 13 2026 16:00:59 GMT+0100 (Central European Standard Time)",
      "name": "screen_view",
      "source": "analytics",
      "params": {
        "firebase_screen_class": "LoginStartScreen"
      }
    },
    {
      "timestamp": "Fri Feb 13 2026 16:03:31 GMT+0100 (Central European Standard Time)",
      "name": "screen_view",
      "source": "analytics",
      "params": {
        "firebase_screen_class": "LoginQrReaderScreen"
      }
    },
    {
      "timestamp": "Fri Feb 13 2026 16:03:38 GMT+0100 (Central European Standard Time)",
      "name": "screen_view",
      "source": "analytics",
      "params": {
        "firebase_screen_class": "LoginStartScreen"
      }
    },
    {
      "timestamp": "Fri Feb 13 2026 16:03:40 GMT+0100 (Central European Standard Time)",
      "name": "screen_view",
      "source": "analytics",
      "params": {
        "firebase_screen_class": "RegistrationSelectorScreen"
      }
    },
    {
      "timestamp": "Fri Feb 13 2026 16:03:56 GMT+0100 (Central European Standard Time)",
      "name": "screen_view",
      "source": "analytics",
      "params": {
        "firebase_screen_class": "LoginStartScreen"
      }
    },
    {
      "timestamp": "Fri Feb 13 2026 16:04:18 GMT+0100 (Central European Standard Time)",
      "name": "screen_view",
      "source": "analytics",
      "params": {
        "firebase_screen_class": "RegistrationSelectorScreen"
      }
    },
    {
      "timestamp": "Fri Feb 13 2026 16:04:20 GMT+0100 (Central European Standard Time)",
      "name": "screen_view",
      "source": "analytics",
      "params": {
        "firebase_screen_class": "LoginStartScreen"
      }
    },
    {
      "timestamp": "Fri Feb 13 2026 16:04:22 GMT+0100 (Central European Standard Time)",
      "name": "screen_view",
      "source": "analytics",
      "params": {
        "firebase_screen_class": "LoginSelectorScreen"
      }
    },
    {
      "timestamp": "Fri Feb 13 2026 16:04:34 GMT+0100 (Central European Standard Time)",
      "name": "screen_view",
      "source": "analytics",
      "params": {
        "firebase_screen_class": "LoginStartScreen"
      }
    },
    {
      "timestamp": "Fri Feb 13 2026 16:06:21 GMT+0100 (Central European Standard Time)",
      "name": "screen_view",
      "source": "analytics",
      "params": {
        "firebase_screen_class": "LoginQrReaderScreen"
      }
    },
    {
      "timestamp": "Fri Feb 13 2026 16:06:27 GMT+0100 (Central European Standard Time)",
      "name": "screen_view",
      "source": "analytics",
      "params": {
        "firebase_screen_class": "VideoUserAgreementsScreen"
      }
    },
    {
      "timestamp": "Fri Feb 13 2026 16:06:28 GMT+0100 (Central European Standard Time)",
      "message": "FaceKom started from: videoId",
      "source": "crashlytics"
    },
    {
      "timestamp": "Fri Feb 13 2026 16:06:29 GMT+0100 (Central European Standard Time)",
      "name": "screen_view",
      "source": "analytics",
      "params": {
        "firebase_screen_class": "VideoIntroScreen"
      }
    },
    {
      "timestamp": "Fri Feb 13 2026 16:06:48 GMT+0100 (Central European Standard Time)",
      "message": "FaceKom ID Verified",
      "source": "crashlytics"
    },
    {
      "timestamp": "Fri Feb 13 2026 16:06:48 GMT+0100 (Central European Standard Time)",
      "name": "screen_view",
      "source": "analytics",
      "params": {
        "firebase_screen_class": "IdVerificationScreen"
      }
    },
    {
      "timestamp": "Fri Feb 13 2026 16:06:55 GMT+0100 (Central European Standard Time)",
      "message": "FaceKom SelfService started",
      "source": "crashlytics"
    },
    {
      "timestamp": "Fri Feb 13 2026 16:06:55 GMT+0100 (Central European Standard Time)",
      "message": "FaceKom getSettings success",
      "source": "crashlytics"
    },
    {
      "timestamp": "Fri Feb 13 2026 16:06:55 GMT+0100 (Central European Standard Time)",
      "message": "FaceKom status changed: connecting",
      "source": "crashlytics"
    },
    {
      "timestamp": "Fri Feb 13 2026 16:06:55 GMT+0100 (Central European Standard Time)",
      "message": "FaceKom connectSocket success",
      "source": "crashlytics"
    },
    {
      "timestamp": "Fri Feb 13 2026 16:06:55 GMT+0100 (Central European Standard Time)",
      "message": "FaceKom status changed: connected",
      "source": "crashlytics"
    },
    {
      "timestamp": "Fri Feb 13 2026 16:06:55 GMT+0100 (Central European Standard Time)",
      "message": "FaceKom auth success",
      "source": "crashlytics"
    },
    {
      "timestamp": "Fri Feb 13 2026 16:06:55 GMT+0100 (Central European Standard Time)",
      "message": "Facekom flow successfully started, Listening...",
      "source": "crashlytics"
    },
    {
      "timestamp": "Fri Feb 13 2026 16:06:55 GMT+0100 (Central European Standard Time)",
      "message": "FaceKom nextStep: custom(type: \"voice-liveness-check\", data: FaceKomSDK.FKSelfService.Step.SData(retry: Optional(false), isRequired: true, additionalData: Optional([\"startVideo\": 1, \"voiceLivenessCheckNumber\": 0593]), availableStreamIDs: nil, maxRetryNumber: nil))",
      "source": "crashlytics"
    },
    {
      "timestamp": "Fri Feb 13 2026 16:06:55 GMT+0100 (Central European Standard Time)",
      "name": "screen_view",
      "source": "analytics",
      "params": {
        "firebase_screen_class": "SelfServiceViewController"
      }
    },
    {
      "timestamp": "Fri Feb 13 2026 16:07:07 GMT+0100 (Central European Standard Time)",
      "message": "FaceKom WebRTC started",
      "source": "crashlytics"
    },
    {
      "timestamp": "Fri Feb 13 2026 16:07:07 GMT+0100 (Central European Standard Time)",
      "name": "screen_view",
      "source": "analytics",
      "params": {
        "firebase_screen_class": "SelfieViewController"
      }
    },
    {
      "timestamp": "Fri Feb 13 2026 16:07:09 GMT+0100 (Central European Standard Time)",
      "message": "FaceKom -> StepMessage: guide(step: \"voice-liveness-check\", data: FaceKomSDK.FKSelfService.StepMessageDataGuide(type: \"head_position\", instruction: \"face_the_camera\"))",
      "source": "crashlytics"
    },
    {
      "timestamp": "Fri Feb 13 2026 16:07:10 GMT+0100 (Central European Standard Time)",
      "message": "FaceKom -> StepMessage: guide(step: \"voice-liveness-check\", data: FaceKomSDK.FKSelfService.StepMessageDataGuide(type: \"head_position\", instruction: \"move_head_right\"))",
      "source": "crashlytics"
    },
    {
      "timestamp": "Fri Feb 13 2026 16:07:11 GMT+0100 (Central European Standard Time)",
      "message": "FaceKom handleNewMessageStep: detection:status:face, currentStep: voice-liveness-check",
      "source": "crashlytics"
    },
    {
      "timestamp": "Fri Feb 13 2026 16:07:11 GMT+0100 (Central European Standard Time)",
      "message": "FaceKom consent voice: nil, face: Optional(eSzigno.MessageStep.faceDetection)",
      "source": "crashlytics"
    },
    {
      "timestamp": "Fri Feb 13 2026 16:07:11 GMT+0100 (Central European Standard Time)",
      "message": "FaceKom -> StepMessage: task(step: \"voice-liveness-check\", data: FaceKomSDK.FKSelfService.StepMessageDataTask(instruction: \"detection:status:face\", message: Optional(\"success\")))",
      "source": "crashlytics"
    },
    {
      "timestamp": "Fri Feb 13 2026 16:08:11 GMT+0100 (Central European Standard Time)",
      "message": "FaceKom flow did enter background, isVideoStep: true, currentStep: voiceLivenessCheck",
      "source": "crashlytics"
    },
    {
      "timestamp": "Fri Feb 13 2026 16:08:11 GMT+0100 (Central European Standard Time)",
      "message": "FaceKom user initiated closing, isAlreadyClosed: false, currentStep: voiceLivenessCheck",
      "source": "crashlytics"
    },
    {
      "timestamp": "Fri Feb 13 2026 16:08:11 GMT+0100 (Central European Standard Time)",
      "message": "FaceKom nextStep: end(status: \"aborted\", additionalData: nil)",
      "source": "crashlytics"
    },
    {
      "timestamp": "Fri Feb 13 2026 16:08:11 GMT+0100 (Central European Standard Time)",
      "message": "Facekom SelfService stopped and cleared.",
      "source": "crashlytics"
    },
    {
      "timestamp": "Fri Feb 13 2026 16:08:11 GMT+0100 (Central European Standard Time)",
      "message": "FaceKom user initiated closing, isAlreadyClosed: true, currentStep: voiceLivenessCheck",
      "source": "crashlytics"
    },
    {
      "timestamp": "Fri Feb 13 2026 16:08:11 GMT+0100 (Central European Standard Time)",
      "message": "FaceKom stopStream",
      "source": "crashlytics"
    },
    {
      "timestamp": "Fri Feb 13 2026 16:08:11 GMT+0100 (Central European Standard Time)",
      "message": "FaceKom status changed: disconnected",
      "source": "crashlytics"
    },
    {
      "timestamp": "Fri Feb 13 2026 16:08:11 GMT+0100 (Central European Standard Time)",
      "message": "FaceKom status changed: disconnected",
      "source": "crashlytics"
    },
    {
      "timestamp": "Fri Feb 13 2026 16:08:11 GMT+0100 (Central European Standard Time)",
      "message": "FaceKom aborted state: nil",
      "source": "crashlytics"
    },
    {
      "timestamp": "Fri Feb 13 2026 16:08:11 GMT+0100 (Central European Standard Time)",
      "message": "Facekom SelfService disconnected because: consent timer expired, user waited for more than 60 seconds for detection",
      "source": "crashlytics"
    }
  ]
}