{
  "title": "Crashlytics - Custom logs",
  "bundle_identifier": "hu.microsec.eszigno.mobile",
  "platform": "apple",
  "display_version": "3.6.1",
  "build_version": "2662",
  "issue_id": "66ab9689c1addf4cdac8881ddf52eff2",
  "session_id": "992f4e9b65e84712b7f18024e4408264_DNE_0_v2",
  "event_timestamp": "Fri Mar 27 2026 19:14:47 GMT+0100 (Central European Standard Time)",
  "logs_and_breadcrumbs": [
    {
      "timestamp": "Fri Mar 27 2026 19:03:59 GMT+0100 (Central European Standard Time)",
      "name": "screen_view",
      "source": "analytics",
      "params": {
        "firebase_screen_class": "EULAScreen"
      }
    },
    {
      "timestamp": "Fri Mar 27 2026 19:04:10 GMT+0100 (Central European Standard Time)",
      "name": "screen_view",
      "source": "analytics",
      "params": {
        "firebase_screen_class": "LoginStartScreen"
      }
    },
    {
      "timestamp": "Fri Mar 27 2026 19:04:21 GMT+0100 (Central European Standard Time)",
      "name": "screen_view",
      "source": "analytics",
      "params": {
        "firebase_screen_class": "LoginSelectorScreen"
      }
    },
    {
      "timestamp": "Fri Mar 27 2026 19:05:54 GMT+0100 (Central European Standard Time)",
      "name": "screen_view",
      "source": "analytics",
      "params": {
        "firebase_screen_class": "PortalTwoFAScreen"
      }
    },
    {
      "timestamp": "Fri Mar 27 2026 19:06:51 GMT+0100 (Central European Standard Time)",
      "name": "screen_view",
      "source": "analytics",
      "params": {
        "firebase_screen_class": "PackageUpgradeScreen"
      }
    },
    {
      "timestamp": "Fri Mar 27 2026 19:06:59 GMT+0100 (Central European Standard Time)",
      "name": "screen_view",
      "source": "analytics",
      "params": {
        "firebase_screen_class": "LoginSelectorScreen"
      }
    },
    {
      "timestamp": "Fri Mar 27 2026 19:07:53 GMT+0100 (Central European Standard Time)",
      "name": "screen_view",
      "source": "analytics",
      "params": {
        "firebase_screen_class": "LoginQrReaderScreen"
      }
    },
    {
      "timestamp": "Fri Mar 27 2026 19:07:55 GMT+0100 (Central European Standard Time)",
      "name": "screen_view",
      "source": "analytics",
      "params": {
        "firebase_screen_class": "VideoUserAgreementsScreen"
      }
    },
    {
      "timestamp": "Fri Mar 27 2026 19:07:59 GMT+0100 (Central European Standard Time)",
      "message": "FaceKom started from: videoId",
      "source": "crashlytics"
    },
    {
      "timestamp": "Fri Mar 27 2026 19:08:00 GMT+0100 (Central European Standard Time)",
      "name": "screen_view",
      "source": "analytics",
      "params": {
        "firebase_screen_class": "VideoIntroScreen"
      }
    },
    {
      "timestamp": "Fri Mar 27 2026 19:08:16 GMT+0100 (Central European Standard Time)",
      "message": "FaceKom ID Verified",
      "source": "crashlytics"
    },
    {
      "timestamp": "Fri Mar 27 2026 19:08:17 GMT+0100 (Central European Standard Time)",
      "name": "screen_view",
      "source": "analytics",
      "params": {
        "firebase_screen_class": "IdVerificationScreen"
      }
    },
    {
      "timestamp": "Fri Mar 27 2026 19:08:25 GMT+0100 (Central European Standard Time)",
      "message": "FaceKom SelfService started",
      "source": "crashlytics"
    },
    {
      "timestamp": "Fri Mar 27 2026 19:08:25 GMT+0100 (Central European Standard Time)",
      "message": "FaceKom getSettings success",
      "source": "crashlytics"
    },
    {
      "timestamp": "Fri Mar 27 2026 19:08:25 GMT+0100 (Central European Standard Time)",
      "message": "FaceKom status changed: connecting",
      "source": "crashlytics"
    },
    {
      "timestamp": "Fri Mar 27 2026 19:08:26 GMT+0100 (Central European Standard Time)",
      "message": "FaceKom connectSocket success",
      "source": "crashlytics"
    },
    {
      "timestamp": "Fri Mar 27 2026 19:08:26 GMT+0100 (Central European Standard Time)",
      "message": "FaceKom status changed: connected",
      "source": "crashlytics"
    },
    {
      "timestamp": "Fri Mar 27 2026 19:08:26 GMT+0100 (Central European Standard Time)",
      "message": "FaceKom auth success",
      "source": "crashlytics"
    },
    {
      "timestamp": "Fri Mar 27 2026 19:08:26 GMT+0100 (Central European Standard Time)",
      "name": "screen_view",
      "source": "analytics",
      "params": {
        "firebase_screen_class": "SelfServiceViewController"
      }
    },
    {
      "timestamp": "Fri Mar 27 2026 19:08:26 GMT+0100 (Central European Standard Time)",
      "message": "Facekom flow successfully started, Listening...",
      "source": "crashlytics"
    },
    {
      "timestamp": "Fri Mar 27 2026 19:08:26 GMT+0100 (Central European Standard Time)",
      "message": "FaceKom nextStep: custom(type: \"voice-liveness-check\", data: FaceKomSDK.FKSelfService.Step.SData(retry: Optional(false), isRequired: true, additionalData: Optional([\"startVideo\": 1, \"voiceLivenessCheckNumber\": 3390]), availableStreamIDs: nil, maxRetryNumber: nil))",
      "source": "crashlytics"
    },
    {
      "timestamp": "Fri Mar 27 2026 19:08:35 GMT+0100 (Central European Standard Time)",
      "name": "screen_view",
      "source": "analytics",
      "params": {
        "firebase_screen_class": "SelfieViewController"
      }
    },
    {
      "timestamp": "Fri Mar 27 2026 19:08:35 GMT+0100 (Central European Standard Time)",
      "message": "FaceKom WebRTC started",
      "source": "crashlytics"
    },
    {
      "timestamp": "Fri Mar 27 2026 19:08:37 GMT+0100 (Central European Standard Time)",
      "message": "FaceKom handleNewMessageStep: detection:status:voice, currentStep: voice-liveness-check",
      "source": "crashlytics"
    },
    {
      "timestamp": "Fri Mar 27 2026 19:08:37 GMT+0100 (Central European Standard Time)",
      "message": "FaceKom consent voice: Optional(eSzigno.MessageStep.voiceDetection), face: nil",
      "source": "crashlytics"
    },
    {
      "timestamp": "Fri Mar 27 2026 19:08:37 GMT+0100 (Central European Standard Time)",
      "message": "FaceKom -> StepMessage: task(step: \"voice-liveness-check\", data: FaceKomSDK.FKSelfService.StepMessageDataTask(instruction: \"detection:status:voice\", message: Optional(\"success\")))",
      "source": "crashlytics"
    },
    {
      "timestamp": "Fri Mar 27 2026 19:08:37 GMT+0100 (Central European Standard Time)",
      "message": "FaceKom -> StepMessage: guide(step: \"voice-liveness-check\", data: FaceKomSDK.FKSelfService.StepMessageDataGuide(type: \"head_position\", instruction: \"move_head_up\"))",
      "source": "crashlytics"
    },
    {
      "timestamp": "Fri Mar 27 2026 19:08:38 GMT+0100 (Central European Standard Time)",
      "message": "FaceKom -> StepMessage: guide(step: \"voice-liveness-check\", data: FaceKomSDK.FKSelfService.StepMessageDataGuide(type: \"head_position\", instruction: \"face_the_camera\"))",
      "source": "crashlytics"
    },
    {
      "timestamp": "Fri Mar 27 2026 19:08:40 GMT+0100 (Central European Standard Time)",
      "message": "FaceKom -> StepMessage: guide(step: \"voice-liveness-check\", data: FaceKomSDK.FKSelfService.StepMessageDataGuide(type: \"head_position\", instruction: \"face_the_camera\"))",
      "source": "crashlytics"
    },
    {
      "timestamp": "Fri Mar 27 2026 19:08:42 GMT+0100 (Central European Standard Time)",
      "message": "FaceKom -> StepMessage: guide(step: \"voice-liveness-check\", data: FaceKomSDK.FKSelfService.StepMessageDataGuide(type: \"head_position\", instruction: \"face_the_camera\"))",
      "source": "crashlytics"
    },
    {
      "timestamp": "Fri Mar 27 2026 19:08:43 GMT+0100 (Central European Standard Time)",
      "message": "FaceKom -> StepMessage: guide(step: \"voice-liveness-check\", data: FaceKomSDK.FKSelfService.StepMessageDataGuide(type: \"head_position\", instruction: \"face_the_camera\"))",
      "source": "crashlytics"
    },
    {
      "timestamp": "Fri Mar 27 2026 19:08:45 GMT+0100 (Central European Standard Time)",
      "message": "FaceKom -> StepMessage: guide(step: \"voice-liveness-check\", data: FaceKomSDK.FKSelfService.StepMessageDataGuide(type: \"head_position\", instruction: \"move_head_up\"))",
      "source": "crashlytics"
    },
    {
      "timestamp": "Fri Mar 27 2026 19:08:47 GMT+0100 (Central European Standard Time)",
      "message": "FaceKom -> StepMessage: guide(step: \"voice-liveness-check\", data: FaceKomSDK.FKSelfService.StepMessageDataGuide(type: \"head_position\", instruction: \"move_head_up\"))",
      "source": "crashlytics"
    },
    {
      "timestamp": "Fri Mar 27 2026 19:08:48 GMT+0100 (Central European Standard Time)",
      "message": "FaceKom handleNewMessageStep: detection:status:face, currentStep: voice-liveness-check",
      "source": "crashlytics"
    },
    {
      "timestamp": "Fri Mar 27 2026 19:08:48 GMT+0100 (Central European Standard Time)",
      "message": "FaceKom consent voice: Optional(eSzigno.MessageStep.voiceDetection), face: Optional(eSzigno.MessageStep.faceDetection)",
      "source": "crashlytics"
    },
    {
      "timestamp": "Fri Mar 27 2026 19:08:48 GMT+0100 (Central European Standard Time)",
      "message": "FaceKom -> StepMessage: task(step: \"voice-liveness-check\", data: FaceKomSDK.FKSelfService.StepMessageDataTask(instruction: \"detection:status:face\", message: Optional(\"success\")))",
      "source": "crashlytics"
    },
    {
      "timestamp": "Fri Mar 27 2026 19:09:05 GMT+0100 (Central European Standard Time)",
      "message": "FaceKom nextStep: custom(type: \"deepfake-detection\", data: FaceKomSDK.FKSelfService.Step.SData(retry: Optional(false), isRequired: true, additionalData: nil, availableStreamIDs: nil, maxRetryNumber: nil))",
      "source": "crashlytics"
    },
    {
      "timestamp": "Fri Mar 27 2026 19:09:05 GMT+0100 (Central European Standard Time)",
      "message": "FaceKom handleNewMessageStep: detection:status:face, currentStep: deepfake-detection",
      "source": "crashlytics"
    },
    {
      "timestamp": "Fri Mar 27 2026 19:09:05 GMT+0100 (Central European Standard Time)",
      "message": "FaceKom consent face: Optional(eSzigno.MessageStep.faceDetection), card: nil",
      "source": "crashlytics"
    },
    {
      "timestamp": "Fri Mar 27 2026 19:09:05 GMT+0100 (Central European Standard Time)",
      "message": "FaceKom -> StepMessage: task(step: \"deepfake-detection\", data: FaceKomSDK.FKSelfService.StepMessageDataTask(instruction: \"detection:status:face\", message: Optional(\"success\")))",
      "source": "crashlytics"
    },
    {
      "timestamp": "Fri Mar 27 2026 19:09:52 GMT+0100 (Central European Standard Time)",
      "message": "FaceKom handleNewMessageStep: detection:status:card, currentStep: deepfake-detection",
      "source": "crashlytics"
    },
    {
      "timestamp": "Fri Mar 27 2026 19:09:52 GMT+0100 (Central European Standard Time)",
      "message": "FaceKom consent face: Optional(eSzigno.MessageStep.faceDetection), card: Optional(eSzigno.MessageStep.cardDetection)",
      "source": "crashlytics"
    },
    {
      "timestamp": "Fri Mar 27 2026 19:09:52 GMT+0100 (Central European Standard Time)",
      "message": "FaceKom -> StepMessage: task(step: \"deepfake-detection\", data: FaceKomSDK.FKSelfService.StepMessageDataTask(instruction: \"detection:status:card\", message: Optional(\"success\")))",
      "source": "crashlytics"
    },
    {
      "timestamp": "Fri Mar 27 2026 19:09:52 GMT+0100 (Central European Standard Time)",
      "message": "FaceKom nextStep: customerPortrait(data: FaceKomSDK.FKSelfService.Step.SData(retry: Optional(false), isRequired: true, additionalData: nil, availableStreamIDs: nil, maxRetryNumber: nil))",
      "source": "crashlytics"
    },
    {
      "timestamp": "Fri Mar 27 2026 19:10:39 GMT+0100 (Central European Standard Time)",
      "message": "FaceKom status changed: connecting",
      "source": "crashlytics"
    },
    {
      "timestamp": "Fri Mar 27 2026 19:10:39 GMT+0100 (Central European Standard Time)",
      "message": "FaceKom status changed: connecting",
      "source": "crashlytics"
    },
    {
      "timestamp": "Fri Mar 27 2026 19:10:40 GMT+0100 (Central European Standard Time)",
      "message": "FaceKom status changed: connected",
      "source": "crashlytics"
    },
    {
      "timestamp": "Fri Mar 27 2026 19:10:40 GMT+0100 (Central European Standard Time)",
      "message": "FaceKom status changed: connected",
      "source": "crashlytics"
    },
    {
      "timestamp": "Fri Mar 27 2026 19:10:40 GMT+0100 (Central European Standard Time)",
      "message": "FaceKom nextStep: customerPortrait(data: FaceKomSDK.FKSelfService.Step.SData(retry: Optional(false), isRequired: true, additionalData: nil, availableStreamIDs: nil, maxRetryNumber: nil))",
      "source": "crashlytics"
    },
    {
      "timestamp": "Fri Mar 27 2026 19:10:40 GMT+0100 (Central European Standard Time)",
      "message": "FaceKom retry Step: Optional(FaceKomSDK.FKSelfService.Step.customerPortrait(data: FaceKomSDK.FKSelfService.Step.SData(retry: Optional(false), isRequired: true, additionalData: nil, availableStreamIDs: nil, maxRetryNumber: nil)))",
      "source": "crashlytics"
    },
    {
      "timestamp": "Fri Mar 27 2026 19:11:15 GMT+0100 (Central European Standard Time)",
      "message": "FaceKom nextStep: idFront(idType: FaceKomSDK.FKUserData.IDCardType.identityCard, data: FaceKomSDK.FKSelfService.Step.SData(retry: Optional(false), isRequired: true, additionalData: Optional([\"stopVideo\": 1]), availableStreamIDs: nil, maxRetryNumber: nil))",
      "source": "crashlytics"
    },
    {
      "timestamp": "Fri Mar 27 2026 19:11:16 GMT+0100 (Central European Standard Time)",
      "message": "FaceKom stopStream",
      "source": "crashlytics"
    },
    {
      "timestamp": "Fri Mar 27 2026 19:11:17 GMT+0100 (Central European Standard Time)",
      "name": "screen_view",
      "source": "analytics",
      "params": {
        "firebase_screen_class": "IdCardViewController"
      }
    },
    {
      "timestamp": "Fri Mar 27 2026 19:12:21 GMT+0100 (Central European Standard Time)",
      "message": "FaceKom nextStep: idBack(idType: FaceKomSDK.FKUserData.IDCardType.identityCard, data: FaceKomSDK.FKSelfService.Step.SData(retry: Optional(false), isRequired: true, additionalData: nil, availableStreamIDs: nil, maxRetryNumber: nil))",
      "source": "crashlytics"
    },
    {
      "timestamp": "Fri Mar 27 2026 19:12:22 GMT+0100 (Central European Standard Time)",
      "name": "screen_view",
      "source": "analytics",
      "params": {
        "firebase_screen_class": "IdCardViewController"
      }
    },
    {
      "timestamp": "Fri Mar 27 2026 19:13:00 GMT+0100 (Central European Standard Time)",
      "message": "FaceKom nextStep: hologram(data: FaceKomSDK.FKSelfService.Step.SData(retry: Optional(false), isRequired: true, additionalData: Optional([\"startVideo\": 1]), availableStreamIDs: nil, maxRetryNumber: nil))",
      "source": "crashlytics"
    },
    {
      "timestamp": "Fri Mar 27 2026 19:13:00 GMT+0100 (Central European Standard Time)",
      "name": "screen_view",
      "source": "analytics",
      "params": {
        "firebase_screen_class": "IdCardViewController"
      }
    },
    {
      "timestamp": "Fri Mar 27 2026 19:13:01 GMT+0100 (Central European Standard Time)",
      "name": "screen_view",
      "source": "analytics",
      "params": {
        "firebase_screen_class": "InfoViewController"
      }
    },
    {
      "timestamp": "Fri Mar 27 2026 19:13:42 GMT+0100 (Central European Standard Time)",
      "message": "FaceKom WebRTC started",
      "source": "crashlytics"
    },
    {
      "timestamp": "Fri Mar 27 2026 19:13:43 GMT+0100 (Central European Standard Time)",
      "name": "screen_view",
      "source": "analytics",
      "params": {
        "firebase_screen_class": "HologramViewController"
      }
    },
    {
      "timestamp": "Fri Mar 27 2026 19:14:09 GMT+0100 (Central European Standard Time)",
      "message": "FaceKom flow did enter background, isVideoStep: true, currentStep: hologram",
      "source": "crashlytics"
    },
    {
      "timestamp": "Fri Mar 27 2026 19:14:09 GMT+0100 (Central European Standard Time)",
      "message": "FaceKom user initiated closing, isAlreadyClosed: false, currentStep: hologram",
      "source": "crashlytics"
    },
    {
      "timestamp": "Fri Mar 27 2026 19:14:12 GMT+0100 (Central European Standard Time)",
      "message": "FaceKom nextStep: custom(type: \"id-back-video\", data: FaceKomSDK.FKSelfService.Step.SData(retry: Optional(false), isRequired: true, additionalData: nil, availableStreamIDs: nil, maxRetryNumber: nil))",
      "source": "crashlytics"
    },
    {
      "timestamp": "Fri Mar 27 2026 19:14:18 GMT+0100 (Central European Standard Time)",
      "message": "FaceKom status changed: connecting",
      "source": "crashlytics"
    },
    {
      "timestamp": "Fri Mar 27 2026 19:14:18 GMT+0100 (Central European Standard Time)",
      "message": "FaceKom status changed: connecting",
      "source": "crashlytics"
    },
    {
      "timestamp": "Fri Mar 27 2026 19:14:19 GMT+0100 (Central European Standard Time)",
      "message": "FaceKom status changed: connected",
      "source": "crashlytics"
    },
    {
      "timestamp": "Fri Mar 27 2026 19:14:19 GMT+0100 (Central European Standard Time)",
      "message": "FaceKom status changed: connected",
      "source": "crashlytics"
    },
    {
      "timestamp": "Fri Mar 27 2026 19:14:19 GMT+0100 (Central European Standard Time)",
      "message": "FaceKom nextStep: custom(type: \"id-back-video\", data: FaceKomSDK.FKSelfService.Step.SData(retry: Optional(false), isRequired: true, additionalData: nil, availableStreamIDs: nil, maxRetryNumber: nil))",
      "source": "crashlytics"
    },
    {
      "timestamp": "Fri Mar 27 2026 19:14:19 GMT+0100 (Central European Standard Time)",
      "message": "FaceKom retry Step: Optional(FaceKomSDK.FKSelfService.Step.custom(type: \"id-back-video\", data: FaceKomSDK.FKSelfService.Step.SData(retry: Optional(false), isRequired: true, additionalData: nil, availableStreamIDs: nil, maxRetryNumber: nil)))",
      "source": "crashlytics"
    },
    {
      "timestamp": "Fri Mar 27 2026 19:14:32 GMT+0100 (Central European Standard Time)",
      "message": "FaceKom nextStep: end(status: \"failed\", additionalData: Optional({\nreason = \"incomplete-hologram-video\";\n}))",
      "source": "crashlytics"
    },
    {
      "timestamp": "Fri Mar 27 2026 19:14:32 GMT+0100 (Central European Standard Time)",
      "message": "FaceKom status changed: disconnected",
      "source": "crashlytics"
    },
    {
      "timestamp": "Fri Mar 27 2026 19:14:32 GMT+0100 (Central European Standard Time)",
      "message": "FaceKom status changed: disconnected",
      "source": "crashlytics"
    },
    {
      "timestamp": "Fri Mar 27 2026 19:14:32 GMT+0100 (Central European Standard Time)",
      "message": "FaceKom failed state: Optional({\nreason = \"incomplete-hologram-video\";\n})",
      "source": "crashlytics"
    },
    {
      "timestamp": "Fri Mar 27 2026 19:14:32 GMT+0100 (Central European Standard Time)",
      "message": "FaceKom stopStream",
      "source": "crashlytics"
    },
    {
      "timestamp": "Fri Mar 27 2026 19:14:33 GMT+0100 (Central European Standard Time)",
      "name": "screen_view",
      "source": "analytics",
      "params": {
        "firebase_screen_class": "FinishViewController"
      }
    },
    {
      "timestamp": "Fri Mar 27 2026 19:14:47 GMT+0100 (Central European Standard Time)",
      "message": "FaceKom finished with type: reject",
      "source": "crashlytics"
    },
    {
      "timestamp": "Fri Mar 27 2026 19:14:47 GMT+0100 (Central European Standard Time)",
      "message": "FaceKom user initiated closing, isAlreadyClosed: true, currentStep: end",
      "source": "crashlytics"
    }
  ]
}