{
  "title": "Crashlytics - Custom logs",
  "bundle_identifier": "hu.microsec.eszigno.mobile",
  "platform": "apple",
  "display_version": "3.6.1",
  "build_version": "2662",
  "issue_id": "5dabf13a7baf66540c8b8dff4395671d",
  "session_id": "eed01de1277c4a718721fc9ee3bb7151_DNE_0_v2",
  "event_timestamp": "Wed Mar 25 2026 15:54:43 GMT+0100 (Central European Standard Time)",
  "logs_and_breadcrumbs": [
    {
      "timestamp": "Wed Mar 25 2026 15:53:12 GMT+0100 (Central European Standard Time)",
      "name": "screen_view",
      "source": "analytics",
      "params": {
        "firebase_screen_class": "PincodeScreen"
      }
    },
    {
      "timestamp": "Wed Mar 25 2026 15:53:14 GMT+0100 (Central European Standard Time)",
      "name": "screen_view",
      "source": "analytics",
      "params": {
        "firebase_screen_class": "DossierListScreen"
      }
    },
    {
      "timestamp": "Wed Mar 25 2026 15:53:16 GMT+0100 (Central European Standard Time)",
      "name": "screen_view",
      "source": "analytics",
      "params": {
        "firebase_screen_class": "InnerQrReaderScreen"
      }
    },
    {
      "timestamp": "Wed Mar 25 2026 15:53:21 GMT+0100 (Central European Standard Time)",
      "name": "screen_view",
      "source": "analytics",
      "params": {
        "firebase_screen_class": "DossierListScreen"
      }
    },
    {
      "timestamp": "Wed Mar 25 2026 15:53:22 GMT+0100 (Central European Standard Time)",
      "name": "screen_view",
      "source": "analytics",
      "params": {
        "firebase_screen_class": "VideoUserAgreementsScreen"
      }
    },
    {
      "timestamp": "Wed Mar 25 2026 15:53:24 GMT+0100 (Central European Standard Time)",
      "message": "FaceKom started from: Logged in videoId",
      "source": "crashlytics"
    },
    {
      "timestamp": "Wed Mar 25 2026 15:53:24 GMT+0100 (Central European Standard Time)",
      "name": "screen_view",
      "source": "analytics",
      "params": {
        "firebase_screen_class": "VideoIntroScreen"
      }
    },
    {
      "timestamp": "Wed Mar 25 2026 15:53:33 GMT+0100 (Central European Standard Time)",
      "message": "FaceKom ID Verified",
      "source": "crashlytics"
    },
    {
      "timestamp": "Wed Mar 25 2026 15:53:34 GMT+0100 (Central European Standard Time)",
      "name": "screen_view",
      "source": "analytics",
      "params": {
        "firebase_screen_class": "IdVerificationScreen"
      }
    },
    {
      "timestamp": "Wed Mar 25 2026 15:53:35 GMT+0100 (Central European Standard Time)",
      "message": "FaceKom SelfService started",
      "source": "crashlytics"
    },
    {
      "timestamp": "Wed Mar 25 2026 15:53:35 GMT+0100 (Central European Standard Time)",
      "message": "FaceKom getSettings success",
      "source": "crashlytics"
    },
    {
      "timestamp": "Wed Mar 25 2026 15:53:35 GMT+0100 (Central European Standard Time)",
      "message": "FaceKom status changed: connecting",
      "source": "crashlytics"
    },
    {
      "timestamp": "Wed Mar 25 2026 15:53:36 GMT+0100 (Central European Standard Time)",
      "message": "FaceKom connectSocket success",
      "source": "crashlytics"
    },
    {
      "timestamp": "Wed Mar 25 2026 15:53:36 GMT+0100 (Central European Standard Time)",
      "message": "FaceKom status changed: connected",
      "source": "crashlytics"
    },
    {
      "timestamp": "Wed Mar 25 2026 15:53:36 GMT+0100 (Central European Standard Time)",
      "message": "FaceKom auth success",
      "source": "crashlytics"
    },
    {
      "timestamp": "Wed Mar 25 2026 15:53:36 GMT+0100 (Central European Standard Time)",
      "message": "Facekom flow successfully started, Listening...",
      "source": "crashlytics"
    },
    {
      "timestamp": "Wed Mar 25 2026 15:53:36 GMT+0100 (Central European Standard Time)",
      "message": "FaceKom nextStep: custom(type: \"voice-liveness-check\", data: FaceKomSDK.FKSelfService.Step.SData(retry: Optional(false), isRequired: true, additionalData: Optional([\"startVideo\": 1, \"voiceLivenessCheckNumber\": 7977]), availableStreamIDs: nil, maxRetryNumber: nil))",
      "source": "crashlytics"
    },
    {
      "timestamp": "Wed Mar 25 2026 15:53:36 GMT+0100 (Central European Standard Time)",
      "name": "screen_view",
      "source": "analytics",
      "params": {
        "firebase_screen_class": "SelfServiceViewController"
      }
    },
    {
      "timestamp": "Wed Mar 25 2026 15:53:41 GMT+0100 (Central European Standard Time)",
      "name": "screen_view",
      "source": "analytics",
      "params": {
        "firebase_screen_class": "SelfieViewController"
      }
    },
    {
      "timestamp": "Wed Mar 25 2026 15:53:41 GMT+0100 (Central European Standard Time)",
      "message": "FaceKom WebRTC started",
      "source": "crashlytics"
    },
    {
      "timestamp": "Wed Mar 25 2026 15:53:43 GMT+0100 (Central European Standard Time)",
      "message": "FaceKom handleNewMessageStep: detection:status:face, currentStep: voice-liveness-check",
      "source": "crashlytics"
    },
    {
      "timestamp": "Wed Mar 25 2026 15:53:43 GMT+0100 (Central European Standard Time)",
      "message": "FaceKom consent voice: nil, face: Optional(eSzigno.MessageStep.faceDetection)",
      "source": "crashlytics"
    },
    {
      "timestamp": "Wed Mar 25 2026 15:53:43 GMT+0100 (Central European Standard Time)",
      "message": "FaceKom -> StepMessage: task(step: \"voice-liveness-check\", data: FaceKomSDK.FKSelfService.StepMessageDataTask(instruction: \"detection:status:face\", message: Optional(\"success\")))",
      "source": "crashlytics"
    },
    {
      "timestamp": "Wed Mar 25 2026 15:54:43 GMT+0100 (Central European Standard Time)",
      "message": "FaceKom status changed: disconnected",
      "source": "crashlytics"
    },
    {
      "timestamp": "Wed Mar 25 2026 15:54:43 GMT+0100 (Central European Standard Time)",
      "message": "FaceKom status changed: disconnected",
      "source": "crashlytics"
    },
    {
      "timestamp": "Wed Mar 25 2026 15:54:43 GMT+0100 (Central European Standard Time)",
      "message": "Facekom SelfService disconnected because: consent timer expired, user waited for more than 60 seconds for detection",
      "source": "crashlytics"
    },
    {
      "timestamp": "Wed Mar 25 2026 15:54:43 GMT+0100 (Central European Standard Time)",
      "message": "FaceKom user initiated closing, isAlreadyClosed: true, currentStep: voiceLivenessCheck",
      "source": "crashlytics"
    },
    {
      "timestamp": "Wed Mar 25 2026 15:54:43 GMT+0100 (Central European Standard Time)",
      "message": "FaceKom stopStream",
      "source": "crashlytics"
    }
  ]
}