{
  "title": "Crashlytics - Custom logs",
  "bundle_identifier": "hu.microsec.eszigno.mobile",
  "platform": "apple",
  "display_version": "3.6.1",
  "build_version": "2662",
  "issue_id": "66ab9689c1addf4cdac8881ddf52eff2",
  "session_id": "885c66b3b33c4783926a462c555a0f20_DNE_0_v2",
  "event_timestamp": "Wed Mar 25 2026 13:35:54 GMT+0100 (Central European Standard Time)",
  "logs_and_breadcrumbs": [
    {
      "timestamp": "Wed Mar 25 2026 13:31:11 GMT+0100 (Central European Standard Time)",
      "name": "screen_view",
      "source": "analytics",
      "params": {
        "firebase_screen_class": "EULAScreen"
      }
    },
    {
      "timestamp": "Wed Mar 25 2026 13:31:15 GMT+0100 (Central European Standard Time)",
      "name": "screen_view",
      "source": "analytics",
      "params": {
        "firebase_screen_class": "LoginStartScreen"
      }
    },
    {
      "timestamp": "Wed Mar 25 2026 13:31:17 GMT+0100 (Central European Standard Time)",
      "name": "screen_view",
      "source": "analytics",
      "params": {
        "firebase_screen_class": "LoginSelectorScreen"
      }
    },
    {
      "timestamp": "Wed Mar 25 2026 13:31:34 GMT+0100 (Central European Standard Time)",
      "name": "screen_view",
      "source": "analytics",
      "params": {
        "firebase_screen_class": "LoginStartScreen"
      }
    },
    {
      "timestamp": "Wed Mar 25 2026 13:31:42 GMT+0100 (Central European Standard Time)",
      "name": "screen_view",
      "source": "analytics",
      "params": {
        "firebase_screen_class": "LoginQrReaderScreen"
      }
    },
    {
      "timestamp": "Wed Mar 25 2026 13:31:45 GMT+0100 (Central European Standard Time)",
      "name": "screen_view",
      "source": "analytics",
      "params": {
        "firebase_screen_class": "VideoUserAgreementsScreen"
      }
    },
    {
      "timestamp": "Wed Mar 25 2026 13:31:56 GMT+0100 (Central European Standard Time)",
      "message": "FaceKom started from: videoId",
      "source": "crashlytics"
    },
    {
      "timestamp": "Wed Mar 25 2026 13:31:56 GMT+0100 (Central European Standard Time)",
      "name": "screen_view",
      "source": "analytics",
      "params": {
        "firebase_screen_class": "VideoIntroScreen"
      }
    },
    {
      "timestamp": "Wed Mar 25 2026 13:32:11 GMT+0100 (Central European Standard Time)",
      "message": "FaceKom ID Verified",
      "source": "crashlytics"
    },
    {
      "timestamp": "Wed Mar 25 2026 13:32:11 GMT+0100 (Central European Standard Time)",
      "name": "screen_view",
      "source": "analytics",
      "params": {
        "firebase_screen_class": "IdVerificationScreen"
      }
    },
    {
      "timestamp": "Wed Mar 25 2026 13:32:21 GMT+0100 (Central European Standard Time)",
      "message": "FaceKom SelfService started",
      "source": "crashlytics"
    },
    {
      "timestamp": "Wed Mar 25 2026 13:32:21 GMT+0100 (Central European Standard Time)",
      "message": "FaceKom getSettings success",
      "source": "crashlytics"
    },
    {
      "timestamp": "Wed Mar 25 2026 13:32:21 GMT+0100 (Central European Standard Time)",
      "message": "FaceKom status changed: connecting",
      "source": "crashlytics"
    },
    {
      "timestamp": "Wed Mar 25 2026 13:32:21 GMT+0100 (Central European Standard Time)",
      "message": "FaceKom connectSocket success",
      "source": "crashlytics"
    },
    {
      "timestamp": "Wed Mar 25 2026 13:32:21 GMT+0100 (Central European Standard Time)",
      "message": "FaceKom status changed: connected",
      "source": "crashlytics"
    },
    {
      "timestamp": "Wed Mar 25 2026 13:32:21 GMT+0100 (Central European Standard Time)",
      "message": "FaceKom auth success",
      "source": "crashlytics"
    },
    {
      "timestamp": "Wed Mar 25 2026 13:32:21 GMT+0100 (Central European Standard Time)",
      "message": "Facekom flow successfully started, Listening...",
      "source": "crashlytics"
    },
    {
      "timestamp": "Wed Mar 25 2026 13:32:22 GMT+0100 (Central European Standard Time)",
      "message": "FaceKom nextStep: custom(type: \"voice-liveness-check\", data: FaceKomSDK.FKSelfService.Step.SData(retry: Optional(false), isRequired: true, additionalData: Optional([\"voiceLivenessCheckNumber\": 9129, \"startVideo\": 1]), availableStreamIDs: nil, maxRetryNumber: nil))",
      "source": "crashlytics"
    },
    {
      "timestamp": "Wed Mar 25 2026 13:32:22 GMT+0100 (Central European Standard Time)",
      "name": "screen_view",
      "source": "analytics",
      "params": {
        "firebase_screen_class": "SelfServiceViewController"
      }
    },
    {
      "timestamp": "Wed Mar 25 2026 13:32:27 GMT+0100 (Central European Standard Time)",
      "message": "FaceKom WebRTC started",
      "source": "crashlytics"
    },
    {
      "timestamp": "Wed Mar 25 2026 13:32:27 GMT+0100 (Central European Standard Time)",
      "name": "screen_view",
      "source": "analytics",
      "params": {
        "firebase_screen_class": "SelfieViewController"
      }
    },
    {
      "timestamp": "Wed Mar 25 2026 13:32:29 GMT+0100 (Central European Standard Time)",
      "message": "FaceKom handleNewMessageStep: detection:status:face, currentStep: voice-liveness-check",
      "source": "crashlytics"
    },
    {
      "timestamp": "Wed Mar 25 2026 13:32:29 GMT+0100 (Central European Standard Time)",
      "message": "FaceKom consent voice: nil, face: Optional(eSzigno.MessageStep.faceDetection)",
      "source": "crashlytics"
    },
    {
      "timestamp": "Wed Mar 25 2026 13:32:29 GMT+0100 (Central European Standard Time)",
      "message": "FaceKom -> StepMessage: task(step: \"voice-liveness-check\", data: FaceKomSDK.FKSelfService.StepMessageDataTask(instruction: \"detection:status:face\", message: Optional(\"success\")))",
      "source": "crashlytics"
    },
    {
      "timestamp": "Wed Mar 25 2026 13:32:38 GMT+0100 (Central European Standard Time)",
      "message": "FaceKom handleNewMessageStep: detection:status:voice, currentStep: voice-liveness-check",
      "source": "crashlytics"
    },
    {
      "timestamp": "Wed Mar 25 2026 13:32:38 GMT+0100 (Central European Standard Time)",
      "message": "FaceKom consent voice: Optional(eSzigno.MessageStep.voiceDetection), face: Optional(eSzigno.MessageStep.faceDetection)",
      "source": "crashlytics"
    },
    {
      "timestamp": "Wed Mar 25 2026 13:32:38 GMT+0100 (Central European Standard Time)",
      "message": "FaceKom -> StepMessage: task(step: \"voice-liveness-check\", data: FaceKomSDK.FKSelfService.StepMessageDataTask(instruction: \"detection:status:voice\", message: Optional(\"success\")))",
      "source": "crashlytics"
    },
    {
      "timestamp": "Wed Mar 25 2026 13:32:43 GMT+0100 (Central European Standard Time)",
      "message": "FaceKom nextStep: custom(type: \"deepfake-detection\", data: FaceKomSDK.FKSelfService.Step.SData(retry: Optional(false), isRequired: true, additionalData: nil, availableStreamIDs: nil, maxRetryNumber: nil))",
      "source": "crashlytics"
    },
    {
      "timestamp": "Wed Mar 25 2026 13:32:44 GMT+0100 (Central European Standard Time)",
      "message": "FaceKom handleNewMessageStep: detection:status:face, currentStep: deepfake-detection",
      "source": "crashlytics"
    },
    {
      "timestamp": "Wed Mar 25 2026 13:32:44 GMT+0100 (Central European Standard Time)",
      "message": "FaceKom consent face: Optional(eSzigno.MessageStep.faceDetection), card: nil",
      "source": "crashlytics"
    },
    {
      "timestamp": "Wed Mar 25 2026 13:32:44 GMT+0100 (Central European Standard Time)",
      "message": "FaceKom -> StepMessage: task(step: \"deepfake-detection\", data: FaceKomSDK.FKSelfService.StepMessageDataTask(instruction: \"detection:status:face\", message: Optional(\"success\")))",
      "source": "crashlytics"
    },
    {
      "timestamp": "Wed Mar 25 2026 13:32:58 GMT+0100 (Central European Standard Time)",
      "message": "FaceKom handleNewMessageStep: detection:status:card, currentStep: deepfake-detection",
      "source": "crashlytics"
    },
    {
      "timestamp": "Wed Mar 25 2026 13:32:58 GMT+0100 (Central European Standard Time)",
      "message": "FaceKom consent face: Optional(eSzigno.MessageStep.faceDetection), card: Optional(eSzigno.MessageStep.cardDetection)",
      "source": "crashlytics"
    },
    {
      "timestamp": "Wed Mar 25 2026 13:32:58 GMT+0100 (Central European Standard Time)",
      "message": "FaceKom -> StepMessage: task(step: \"deepfake-detection\", data: FaceKomSDK.FKSelfService.StepMessageDataTask(instruction: \"detection:status:card\", message: Optional(\"success\")))",
      "source": "crashlytics"
    },
    {
      "timestamp": "Wed Mar 25 2026 13:32:58 GMT+0100 (Central European Standard Time)",
      "message": "FaceKom nextStep: customerPortrait(data: FaceKomSDK.FKSelfService.Step.SData(retry: Optional(false), isRequired: true, additionalData: nil, availableStreamIDs: nil, maxRetryNumber: nil))",
      "source": "crashlytics"
    },
    {
      "timestamp": "Wed Mar 25 2026 13:33:35 GMT+0100 (Central European Standard Time)",
      "message": "FaceKom nextStep: idFront(idType: FaceKomSDK.FKUserData.IDCardType.identityCard, data: FaceKomSDK.FKSelfService.Step.SData(retry: Optional(false), isRequired: true, additionalData: Optional([\"stopVideo\": 1]), availableStreamIDs: nil, maxRetryNumber: nil))",
      "source": "crashlytics"
    },
    {
      "timestamp": "Wed Mar 25 2026 13:33:35 GMT+0100 (Central European Standard Time)",
      "message": "FaceKom stopStream",
      "source": "crashlytics"
    },
    {
      "timestamp": "Wed Mar 25 2026 13:33:35 GMT+0100 (Central European Standard Time)",
      "name": "screen_view",
      "source": "analytics",
      "params": {
        "firebase_screen_class": "IdCardViewController"
      }
    },
    {
      "timestamp": "Wed Mar 25 2026 13:34:14 GMT+0100 (Central European Standard Time)",
      "message": "FaceKom nextStep: idBack(idType: FaceKomSDK.FKUserData.IDCardType.identityCard, data: FaceKomSDK.FKSelfService.Step.SData(retry: Optional(false), isRequired: true, additionalData: nil, availableStreamIDs: nil, maxRetryNumber: nil))",
      "source": "crashlytics"
    },
    {
      "timestamp": "Wed Mar 25 2026 13:34:15 GMT+0100 (Central European Standard Time)",
      "name": "screen_view",
      "source": "analytics",
      "params": {
        "firebase_screen_class": "IdCardViewController"
      }
    },
    {
      "timestamp": "Wed Mar 25 2026 13:34:36 GMT+0100 (Central European Standard Time)",
      "message": "FaceKom nextStep: hologram(data: FaceKomSDK.FKSelfService.Step.SData(retry: Optional(false), isRequired: true, additionalData: Optional([\"startVideo\": 1]), availableStreamIDs: nil, maxRetryNumber: nil))",
      "source": "crashlytics"
    },
    {
      "timestamp": "Wed Mar 25 2026 13:34:37 GMT+0100 (Central European Standard Time)",
      "name": "screen_view",
      "source": "analytics",
      "params": {
        "firebase_screen_class": "IdCardViewController"
      }
    },
    {
      "timestamp": "Wed Mar 25 2026 13:34:37 GMT+0100 (Central European Standard Time)",
      "name": "screen_view",
      "source": "analytics",
      "params": {
        "firebase_screen_class": "InfoViewController"
      }
    },
    {
      "timestamp": "Wed Mar 25 2026 13:34:53 GMT+0100 (Central European Standard Time)",
      "message": "FaceKom WebRTC started",
      "source": "crashlytics"
    },
    {
      "timestamp": "Wed Mar 25 2026 13:34:53 GMT+0100 (Central European Standard Time)",
      "name": "screen_view",
      "source": "analytics",
      "params": {
        "firebase_screen_class": "HologramViewController"
      }
    },
    {
      "timestamp": "Wed Mar 25 2026 13:35:15 GMT+0100 (Central European Standard Time)",
      "message": "FaceKom nextStep: custom(type: \"id-back-video\", data: FaceKomSDK.FKSelfService.Step.SData(retry: Optional(false), isRequired: true, additionalData: nil, availableStreamIDs: nil, maxRetryNumber: nil))",
      "source": "crashlytics"
    },
    {
      "timestamp": "Wed Mar 25 2026 13:35:28 GMT+0100 (Central European Standard Time)",
      "message": "FaceKom nextStep: twoFactor(data: FaceKomSDK.FKSelfService.Step.SData(retry: Optional(false), isRequired: true, additionalData: Optional([\"stopVideo\": 1]), availableStreamIDs: nil, maxRetryNumber: nil))",
      "source": "crashlytics"
    },
    {
      "timestamp": "Wed Mar 25 2026 13:35:29 GMT+0100 (Central European Standard Time)",
      "message": "FaceKom stopStream",
      "source": "crashlytics"
    },
    {
      "timestamp": "Wed Mar 25 2026 13:35:29 GMT+0100 (Central European Standard Time)",
      "name": "screen_view",
      "source": "analytics",
      "params": {
        "firebase_screen_class": "TwoFactorViewController"
      }
    },
    {
      "timestamp": "Wed Mar 25 2026 13:35:52 GMT+0100 (Central European Standard Time)",
      "message": "FaceKom nextStep: end(status: \"finished\", additionalData: nil)",
      "source": "crashlytics"
    },
    {
      "timestamp": "Wed Mar 25 2026 13:35:52 GMT+0100 (Central European Standard Time)",
      "message": "FaceKom status changed: disconnected",
      "source": "crashlytics"
    },
    {
      "timestamp": "Wed Mar 25 2026 13:35:52 GMT+0100 (Central European Standard Time)",
      "message": "FaceKom status changed: disconnected",
      "source": "crashlytics"
    },
    {
      "timestamp": "Wed Mar 25 2026 13:35:52 GMT+0100 (Central European Standard Time)",
      "name": "screen_view",
      "source": "analytics",
      "params": {
        "firebase_screen_class": "FinishViewController"
      }
    },
    {
      "timestamp": "Wed Mar 25 2026 13:35:54 GMT+0100 (Central European Standard Time)",
      "message": "FaceKom finished with type: approve",
      "source": "crashlytics"
    },
    {
      "timestamp": "Wed Mar 25 2026 13:35:54 GMT+0100 (Central European Standard Time)",
      "message": "FaceKom user initiated closing, isAlreadyClosed: true, currentStep: end",
      "source": "crashlytics"
    }
  ]
}